../Core/Src/functions.c:15:6:ShiftReg_SendBytes	16	static
../Core/Src/functions.c:25:6:PL1_Hit	8	static
../Core/Src/functions.c:30:6:PL2_Hit	8	static
../Core/Src/functions.c:35:6:SW1_Hit	8	static
../Core/Src/functions.c:40:6:SW2_Hit	8	static
../Core/Src/functions.c:45:6:SW3_Hit	8	static
../Core/Src/functions.c:50:6:SW4_Hit	8	static
../Core/Src/functions.c:55:6:set	16	static
../Core/Src/functions.c:61:6:reset	16	static
../Core/Src/functions.c:66:6:car1_SetGreen	8	static
../Core/Src/functions.c:76:6:car1_SetOrange	8	static
../Core/Src/functions.c:86:6:car1_SetRed	8	static
../Core/Src/functions.c:96:6:ped1_SetRed	8	static
../Core/Src/functions.c:102:6:ped1_SetGreen	8	static
../Core/Src/functions.c:108:6:car2_SetGreen	8	static
../Core/Src/functions.c:118:6:car2_SetOrange	8	static
../Core/Src/functions.c:128:6:car2_SetRed	8	static
../Core/Src/functions.c:138:6:ped2_SetRed	8	static
../Core/Src/functions.c:144:6:ped2_SetGreen	8	static
../Core/Src/functions.c:150:6:carVertical	8	static
../Core/Src/functions.c:154:6:carHorizontal	8	static
