Archive member included to satisfy reference by file (symbol)

C:/ST/STM32CubeIDE_1.19.0/STM32CubeIDE/plugins/com.st.stm32cube.ide.mcu.externaltools.gnu-tools-for-stm32.13.3.rel1.win32_1.0.100.202509120712/tools/bin/../lib/gcc/arm-none-eabi/13.3.1/../../../../arm-none-eabi/lib/thumb/v7e-m+fp/hard\libc_nano.a(libc_a-exit.o)
                              C:/ST/STM32CubeIDE_1.19.0/STM32CubeIDE/plugins/com.st.stm32cube.ide.mcu.externaltools.gnu-tools-for-stm32.13.3.rel1.win32_1.0.100.202509120712/tools/bin/../lib/gcc/arm-none-eabi/13.3.1/../../../../arm-none-eabi/lib/thumb/v7e-m+fp/hard/crt0.o (exit)
C:/ST/STM32CubeIDE_1.19.0/STM32CubeIDE/plugins/com.st.stm32cube.ide.mcu.externaltools.gnu-tools-for-stm32.13.3.rel1.win32_1.0.100.202509120712/tools/bin/../lib/gcc/arm-none-eabi/13.3.1/../../../../arm-none-eabi/lib/thumb/v7e-m+fp/hard\libc_nano.a(libc_a-findfp.o)
                              ./Middlewares/Third_Party/FreeRTOS/Source/tasks.o (__sf)
C:/ST/STM32CubeIDE_1.19.0/STM32CubeIDE/plugins/com.st.stm32cube.ide.mcu.externaltools.gnu-tools-for-stm32.13.3.rel1.win32_1.0.100.202509120712/tools/bin/../lib/gcc/arm-none-eabi/13.3.1/../../../../arm-none-eabi/lib/thumb/v7e-m+fp/hard\libc_nano.a(libc_a-fwalk.o)
                              C:/ST/STM32CubeIDE_1.19.0/STM32CubeIDE/plugins/com.st.stm32cube.ide.mcu.externaltools.gnu-tools-for-stm32.13.3.rel1.win32_1.0.100.202509120712/tools/bin/../lib/gcc/arm-none-eabi/13.3.1/../../../../arm-none-eabi/lib/thumb/v7e-m+fp/hard\libc_nano.a(libc_a-findfp.o) (_fwalk_sglue)
C:/ST/STM32CubeIDE_1.19.0/STM32CubeIDE/plugins/com.st.stm32cube.ide.mcu.externaltools.gnu-tools-for-stm32.13.3.rel1.win32_1.0.100.202509120712/tools/bin/../lib/gcc/arm-none-eabi/13.3.1/../../../../arm-none-eabi/lib/thumb/v7e-m+fp/hard\libc_nano.a(libc_a-sprintf.o)
                              ./Middlewares/Third_Party/FreeRTOS/Source/tasks.o (sprintf)
C:/ST/STM32CubeIDE_1.19.0/STM32CubeIDE/plugins/com.st.stm32cube.ide.mcu.externaltools.gnu-tools-for-stm32.13.3.rel1.win32_1.0.100.202509120712/tools/bin/../lib/gcc/arm-none-eabi/13.3.1/../../../../arm-none-eabi/lib/thumb/v7e-m+fp/hard\libc_nano.a(libc_a-stdio.o)
                              C:/ST/STM32CubeIDE_1.19.0/STM32CubeIDE/plugins/com.st.stm32cube.ide.mcu.externaltools.gnu-tools-for-stm32.13.3.rel1.win32_1.0.100.202509120712/tools/bin/../lib/gcc/arm-none-eabi/13.3.1/../../../../arm-none-eabi/lib/thumb/v7e-m+fp/hard\libc_nano.a(libc_a-findfp.o) (__sread)
C:/ST/STM32CubeIDE_1.19.0/STM32CubeIDE/plugins/com.st.stm32cube.ide.mcu.externaltools.gnu-tools-for-stm32.13.3.rel1.win32_1.0.100.202509120712/tools/bin/../lib/gcc/arm-none-eabi/13.3.1/../../../../arm-none-eabi/lib/thumb/v7e-m+fp/hard\libc_nano.a(libc_a-memset.o)
                              C:/ST/STM32CubeIDE_1.19.0/STM32CubeIDE/plugins/com.st.stm32cube.ide.mcu.externaltools.gnu-tools-for-stm32.13.3.rel1.win32_1.0.100.202509120712/tools/bin/../lib/gcc/arm-none-eabi/13.3.1/../../../../arm-none-eabi/lib/thumb/v7e-m+fp/hard/crt0.o (memset)
C:/ST/STM32CubeIDE_1.19.0/STM32CubeIDE/plugins/com.st.stm32cube.ide.mcu.externaltools.gnu-tools-for-stm32.13.3.rel1.win32_1.0.100.202509120712/tools/bin/../lib/gcc/arm-none-eabi/13.3.1/../../../../arm-none-eabi/lib/thumb/v7e-m+fp/hard\libc_nano.a(libc_a-closer.o)
                              C:/ST/STM32CubeIDE_1.19.0/STM32CubeIDE/plugins/com.st.stm32cube.ide.mcu.externaltools.gnu-tools-for-stm32.13.3.rel1.win32_1.0.100.202509120712/tools/bin/../lib/gcc/arm-none-eabi/13.3.1/../../../../arm-none-eabi/lib/thumb/v7e-m+fp/hard\libc_nano.a(libc_a-stdio.o) (_close_r)
C:/ST/STM32CubeIDE_1.19.0/STM32CubeIDE/plugins/com.st.stm32cube.ide.mcu.externaltools.gnu-tools-for-stm32.13.3.rel1.win32_1.0.100.202509120712/tools/bin/../lib/gcc/arm-none-eabi/13.3.1/../../../../arm-none-eabi/lib/thumb/v7e-m+fp/hard\libc_nano.a(libc_a-reent.o)
                              ./Middlewares/Third_Party/FreeRTOS/Source/tasks.o (_reclaim_reent)
C:/ST/STM32CubeIDE_1.19.0/STM32CubeIDE/plugins/com.st.stm32cube.ide.mcu.externaltools.gnu-tools-for-stm32.13.3.rel1.win32_1.0.100.202509120712/tools/bin/../lib/gcc/arm-none-eabi/13.3.1/../../../../arm-none-eabi/lib/thumb/v7e-m+fp/hard\libc_nano.a(libc_a-impure.o)
                              ./Middlewares/Third_Party/FreeRTOS/Source/tasks.o (_impure_ptr)
C:/ST/STM32CubeIDE_1.19.0/STM32CubeIDE/plugins/com.st.stm32cube.ide.mcu.externaltools.gnu-tools-for-stm32.13.3.rel1.win32_1.0.100.202509120712/tools/bin/../lib/gcc/arm-none-eabi/13.3.1/../../../../arm-none-eabi/lib/thumb/v7e-m+fp/hard\libc_nano.a(libc_a-lseekr.o)
                              C:/ST/STM32CubeIDE_1.19.0/STM32CubeIDE/plugins/com.st.stm32cube.ide.mcu.externaltools.gnu-tools-for-stm32.13.3.rel1.win32_1.0.100.202509120712/tools/bin/../lib/gcc/arm-none-eabi/13.3.1/../../../../arm-none-eabi/lib/thumb/v7e-m+fp/hard\libc_nano.a(libc_a-stdio.o) (_lseek_r)
[...]
Memory Configuration

Name             Origin             Length             Attributes
RAM              0x20000000         0x00018000         xrw
RAM2             0x10000000         0x00008000         xrw
FLASH            0x08000000         0x00100000         xr
*default*        0x00000000         0xffffffff

Linker script and memory map

LOAD C:/ST/STM32CubeIDE_1.19.0/STM32CubeIDE/plugins/com.st.stm32cube.ide.mcu.externaltools.gnu-tools-for-stm32.13.3.rel1.win32_1.0.100.202509120712/tools/bin/../lib/gcc/arm-none-eabi/13.3.1/thumb/v7e-m+fp/hard/crti.o
LOAD C:/ST/STM32CubeIDE_1.19.0/STM32CubeIDE/plugins/com.st.stm32cube.ide.mcu.externaltools.gnu-tools-for-stm32.13.3.rel1.win32_1.0.100.202509120712/tools/bin/../lib/gcc/arm-none-eabi/13.3.1/thumb/v7e-m+fp/hard/crtbegin.o
LOAD C:/ST/STM32CubeIDE_1.19.0/STM32CubeIDE/plugins/com.st.stm32cube.ide.mcu.externaltools.gnu-tools-for-stm32.13.3.rel1.win32_1.0.100.202509120712/tools/bin/../lib/gcc/arm-none-eabi/13.3.1/../../../../arm-none-eabi/lib/thumb/v7e-m+fp/hard/crt0.o
LOAD ./Core/Src/car_statemachine.o
LOAD ./Core/Src/freertos.o
LOAD ./Core/Src/functions.o
LOAD ./Core/Src/gpio.o
LOAD ./Core/Src/leds.o
LOAD ./Core/Src/main.o
LOAD ./Core/Src/spi.o
LOAD ./Core/Src/statemachine_pedestrian.o
LOAD ./Core/Src/stm32l4xx_hal_msp.o
LOAD ./Core/Src/stm32l4xx_hal_timebase_tim.o
LOAD ./Core/Src/stm32l4xx_it.o
LOAD ./Core/Src/syscalls.o
LOAD ./Core/Src/sysmem.o
LOAD ./Core/Src/system_stm32l4xx.o
LOAD ./Core/Src/test.o
LOAD ./Core/Src/tim.o
LOAD ./Core/Src/usart.o
LOAD ./Core/Startup/startup_stm32l476rgtx.o
LOAD ./Drivers/STM32L4xx_HAL_Driver/Src/stm32l4xx_hal.o
LOAD ./Drivers/STM32L4xx_HAL_Driver/Src/stm32l4xx_hal_cortex.o
LOAD ./Drivers/STM32L4xx_HAL_Driver/Src/stm32l4xx_hal_dma.o
LOAD ./Drivers/STM32L4xx_HAL_Driver/Src/stm32l4xx_hal_dma_ex.o
LOAD ./Drivers/STM32L4xx_HAL_Driver/Src/stm32l4xx_hal_exti.o
LOAD ./Drivers/STM32L4xx_HAL_Driver/Src/stm32l4xx_hal_flash.o
LOAD ./Drivers/STM32L4xx_HAL_Driver/Src/stm32l4xx_hal_flash_ex.o
LOAD ./Drivers/STM32L4xx_HAL_Driver/Src/stm32l4xx_hal_flash_ramfunc.o
LOAD ./Drivers/STM32L4xx_HAL_Driver/Src/stm32l4xx_hal_gpio.o
LOAD ./Drivers/STM32L4xx_HAL_Driver/Src/stm32l4xx_hal_i2c.o
LOAD ./Drivers/STM32L4xx_HAL_Driver/Src/stm32l4xx_hal_i2c_ex.o
LOAD ./Drivers/STM32L4xx_HAL_Driver/Src/stm32l4xx_hal_pwr.o
LOAD ./Drivers/STM32L4xx_HAL_Driver/Src/stm32l4xx_hal_pwr_ex.o
LOAD ./Drivers/STM32L4xx_HAL_Driver/Src/stm32l4xx_hal_rcc.o
LOAD ./Drivers/STM32L4xx_HAL_Driver/Src/stm32l4xx_hal_rcc_ex.o
LOAD ./Drivers/STM32L4xx_HAL_Driver/Src/stm32l4xx_hal_spi.o
LOAD ./Drivers/STM32L4xx_HAL_Driver/Src/stm32l4xx_hal_spi_ex.o
LOAD ./Drivers/STM32L4xx_HAL_Driver/Src/stm32l4xx_hal_tim.o
LOAD ./Drivers/STM32L4xx_HAL_Driver/Src/stm32l4xx_hal_tim_ex.o
LOAD ./Drivers/STM32L4xx_HAL_Driver/Src/stm32l4xx_hal_uart.o
LOAD ./Drivers/STM32L4xx_HAL_Driver/Src/stm32l4xx_hal_uart_ex.o
LOAD ./Middlewares/Third_Party/FreeRTOS/Source/CMSIS_RTOS_V2/cmsis_os2.o
LOAD ./Middlewares/Third_Party/FreeRTOS/Source/croutine.o
LOAD ./Middlewares/Third_Party/FreeRTOS/Source/event_groups.o
LOAD ./Middlewares/Third_Party/FreeRTOS/Source/list.o
LOAD ./Middlewares/Third_Party/FreeRTOS/Source/queue.o
LOAD ./Middlewares/Third_Party/FreeRTOS/Source/stream_buffer.o
LOAD ./Middlewares/Third_Party/FreeRTOS/Source/tasks.o
LOAD ./Middlewares/Third_Party/FreeRTOS/Source/timers.o
LOAD ./Middlewares/Third_Party/FreeRTOS/Source/portable/GCC/ARM_CM4F/port.o
LOAD ./Middlewares/Third_Party/FreeRTOS/Source/portable/MemMang/heap_4.o
START GROUP
LOAD C:/ST/STM32CubeIDE_1.19.0/STM32CubeIDE/plugins/com.st.stm32cube.ide.mcu.externaltools.gnu-tools-for-stm32.13.3.rel1.win32_1.0.100.202509120712/tools/bin/../lib/gcc/arm-none-eabi/13.3.1/../../../../arm-none-eabi/lib/thumb/v7e-m+fp/hard\libc_nano.a
LOAD C:/ST/STM32CubeIDE_1.19.0/STM32CubeIDE/plugins/com.st.stm32cube.ide.mcu.externaltools.gnu-tools-for-stm32.13.3.rel1.win32_1.0.100.202509120712/tools/bin/../lib/gcc/arm-none-eabi/13.3.1/../../../../arm-none-eabi/lib/thumb/v7e-m+fp/hard\libm.a
END GROUP
START GROUP
LOAD C:/ST/STM32CubeIDE_1.19.0/STM32CubeIDE/plugins/com.st.stm32cube.ide.mcu.externaltools.gnu-tools-for-stm32.13.3.rel1.win32_1.0.100.202509120712/tools/bin/../lib/gcc/arm-none-eabi/13.3.1/thumb/v7e-m+fp/hard\libgcc.a
LOAD C:/ST/STM32CubeIDE_1.19.0/STM32CubeIDE/plugins/com.st.stm32cube.ide.mcu.externaltools.gnu-tools-for-stm32.13.3.rel1.win32_1.0.100.202509120712/tools/bin/../lib/gcc/arm-none-eabi/13.3.1/../../../../arm-none-eabi/lib/thumb/v7e-m+fp/hard\libc_nano.a
END GROUP
START GROUP
LOAD C:/ST/STM32CubeIDE_1.19.0/STM32CubeIDE/plugins/com.st.stm32cube.ide.mcu.externaltools.gnu-tools-for-stm32.13.3.rel1.win32_1.0.100.202509120712/tools/bin/../lib/gcc/arm-none-eabi/13.3.1/thumb/v7e-m+fp/hard\libgcc.a
LOAD C:/ST/STM32CubeIDE_1.19.0/STM32CubeIDE/plugins/com.st.stm32cube.ide.mcu.externaltools.gnu-tools-for-stm32.13.3.rel1.win32_1.0.100.202509120712/tools/bin/../lib/gcc/arm-none-eabi/13.3.1/../../../../arm-none-eabi/lib/thumb/v7e-m+fp/hard\libc_nano.a
LOAD C:/ST/STM32CubeIDE_1.19.0/STM32CubeIDE/plugins/com.st.stm32cube.ide.mcu.externaltools.gnu-tools-for-stm32.13.3.rel1.win32_1.0.100.202509120712/tools/bin/../lib/gcc/arm-none-eabi/13.3.1/../../../../arm-none-eabi/lib/thumb/v7e-m+fp/hard\libnosys.a
END GROUP
START GROUP
LOAD C:/ST/STM32CubeIDE_1.19.0/STM32CubeIDE/plugins/com.st.stm32cube.ide.mcu.externaltools.gnu-tools-for-stm32.13.3.rel1.win32_1.0.100.202509120712/tools/bin/../lib/gcc/arm-none-eabi/13.3.1/thumb/v7e-m+fp/hard\libgcc.a
LOAD C:/ST/STM32CubeIDE_1.19.0/STM32CubeIDE/plugins/com.st.stm32cube.ide.mcu.externaltools.gnu-tools-for-stm32.13.3.rel1.win32_1.0.100.202509120712/tools/bin/../lib/gcc/arm-none-eabi/13.3.1/../../../../arm-none-eabi/lib/thumb/v7e-m+fp/hard\libc_nano.a
LOAD C:/ST/STM32CubeIDE_1.19.0/STM32CubeIDE/plugins/com.st.stm32cube.ide.mcu.externaltools.gnu-tools-for-stm32.13.3.rel1.win32_1.0.100.202509120712/tools/bin/../lib/gcc/arm-none-eabi/13.3.1/../../../../arm-none-eabi/lib/thumb/v7e-m+fp/hard\libnosys.a
END GROUP
LOAD C:/ST/STM32CubeIDE_1.19.0/STM32CubeIDE/plugins/com.st.stm32cube.ide.mcu.externaltools.gnu-tools-for-stm32.13.3.rel1.win32_1.0.100.202509120712/tools/bin/../lib/gcc/arm-none-eabi/13.3.1/thumb/v7e-m+fp/hard/crtend.o
LOAD C:/ST/STM32CubeIDE_1.19.0/STM32CubeIDE/plugins/com.st.stm32cube.ide.mcu.externaltools.gnu-tools-for-stm32.13.3.rel1.win32_1.0.100.202509120712/tools/bin/../lib/gcc/arm-none-eabi/13.3.1/thumb/v7e-m+fp/hard/crtn.o
                0x20018000                        _estack = (ORIGIN (RAM) + LENGTH (RAM))
                0x00000200                        _Min_Heap_Size = 0x200
                0x00000400                        _Min_Stack_Size = 0x400

.isr_vector     0x08000000      0x188
                0x08000000                        . = ALIGN (0x4)
 *(.isr_vector)
 .isr_vector    0x08000000      0x188 ./Core/Startup/startup_stm32l476rgtx.o
                0x08000000                g_pfnVectors
                0x08000188                        . = ALIGN (0x4)

.text           0x08000190     0x4b1c
                0x08000190                        . = ALIGN (0x4)
 *(.text)
 .text          0x08000190       0x40 C:/ST/STM32CubeIDE_1.19.0/STM32CubeIDE/plugins/com.st.stm32cube.ide.mcu.externaltools.gnu-tools-for-stm32.13.3.rel1.win32_1.0.100.202509120712/tools/bin/../lib/gcc/arm-none-eabi/13.3.1/thumb/v7e-m+fp/hard/crtbegin.o
 .text          0x080001d0       0x30 C:/ST/STM32CubeIDE_1.19.0/STM32CubeIDE/plugins/com.st.stm32cube.ide.mcu.externaltools.gnu-tools-for-stm32.13.3.rel1.win32_1.0.100.202509120712/tools/bin/../lib/gcc/arm-none-eabi/13.3.1/thumb/v7e-m+fp/hard\libgcc.a(_aeabi_uldivmod.o)
                0x080001d0                __aeabi_uldivmod
 .text          0x08000200      0x2f8 C:/ST/STM32CubeIDE_1.19.0/STM32CubeIDE/plugins/com.st.stm32cube.ide.mcu.externaltools.gnu-tools-for-stm32.13.3.rel1.win32_1.0.100.202509120712/tools/bin/../lib/gcc/arm-none-eabi/13.3.1/thumb/v7e-m+fp/hard\libgcc.a(_udivmoddi4.o)
                0x08000200                __udivmoddi4
 .text          0x080004f8        0x4 C:/ST/STM32CubeIDE_1.19.0/STM32CubeIDE/plugins/com.st.stm32cube.ide.mcu.externaltools.gnu-tools-for-stm32.13.3.rel1.win32_1.0.100.202509120712/tools/bin/../lib/gcc/arm-none-eabi/13.3.1/thumb/v7e-m+fp/hard\libgcc.a(_dvmd_tls.o)
                0x080004f8                __aeabi_idiv0
                0x080004f8                __aeabi_ldiv0
 *(.text*)
 .text.getRunTimeCounterValue
                0x080004fc       0x18 ./Core/Src/freertos.o
                0x080004fc                getRunTimeCounterValue
 .text.ShiftReg_SendBytes
                0x08000514       0x44 ./Core/Src/functions.o
                0x08000514                ShiftReg_SendBytes
 .text.PL1_Hit  0x08000558       0x20 ./Core/Src/functions.o
                0x08000558                PL1_Hit
 .text.set      0x08000578       0x46 ./Core/Src/functions.o
                0x08000578                set
 .text.reset    0x080005be       0x4a ./Core/Src/functions.o
                0x080005be                reset
 .text.car1_SetGreen
                0x08000608       0x54 ./Core/Src/functions.o
                0x08000608                car1_SetGreen
 .text.car1_SetRed
                0x0800065c       0x54 ./Core/Src/functions.o
                0x0800065c                car1_SetRed
 .text.ped1_SetRed
                0x080006b0       0x30 ./Core/Src/functions.o
                0x080006b0                ped1_SetRed
 .text.ped1_SetGreen
                0x080006e0       0x30 ./Core/Src/functions.o
                0x080006e0                ped1_SetGreen
 .text.car2_SetGreen
                0x08000710       0x54 ./Core/Src/functions.o
                0x08000710                car2_SetGreen
 .text.ped2_SetRed
                0x08000764       0x30 ./Core/Src/functions.o
                0x08000764                ped2_SetRed
 .text.MX_GPIO_Init
                0x08000794      0x1f8 ./Core/Src/gpio.o
                0x08000794                MX_GPIO_Init
 .text.main     0x0800098c       0x26 ./Core/Src/main.o
                0x0800098c                main
 .text.SystemClock_Config
                0x080009b2       0xa2 ./Core/Src/main.o
                0x080009b2                SystemClock_Config
 .text.HAL_TIM_PeriodElapsedCallback
                0x08000a54       0x24 ./Core/Src/main.o
                0x08000a54                HAL_TIM_PeriodElapsedCallback
 .text.Error_Handler
                0x08000a78        0xc ./Core/Src/main.o
                0x08000a78                Error_Handler
 .text.MX_SPI2_Init
                0x08000a84       0x7c ./Core/Src/spi.o
                0x08000a84                MX_SPI2_Init
 .text.MX_SPI3_Init
                0x08000b00       0x7c ./Core/Src/spi.o
                0x08000b00                MX_SPI3_Init
 .text.HAL_SPI_MspInit
                0x08000b7c      0x180 ./Core/Src/spi.o
                0x08000b7c                HAL_SPI_MspInit
 .text.PedestrianCrossing1
                0x08000cfc      0x26c ./Core/Src/statemachine_pedestrian.o
                0x08000cfc                PedestrianCrossing1
 .text.HAL_MspInit
                0x08000f68       0x50 ./Core/Src/stm32l4xx_hal_msp.o
                0x08000f68                HAL_MspInit
 .text.HAL_InitTick
                0x08000fb8       0xf4 ./Core/Src/stm32l4xx_hal_timebase_tim.o
                0x08000fb8                HAL_InitTick
 .text.NMI_Handler
                0x080010ac        0x8 ./Core/Src/stm32l4xx_it.o
                0x080010ac                NMI_Handler
 .text.HardFault_Handler
                0x080010b4        0x8 ./Core/Src/stm32l4xx_it.o
                0x080010b4                HardFault_Handler
 .text.MemManage_Handler
                0x080010bc        0x8 ./Core/Src/stm32l4xx_it.o
                0x080010bc                MemManage_Handler
 .text.BusFault_Handler
                0x080010c4        0x8 ./Core/Src/stm32l4xx_it.o
                0x080010c4                BusFault_Handler
 .text.UsageFault_Handler
                0x080010cc        0x8 ./Core/Src/stm32l4xx_it.o
                0x080010cc                UsageFault_Handler
 .text.DebugMon_Handler
                0x080010d4        0xe ./Core/Src/stm32l4xx_it.o
                0x080010d4                DebugMon_Handler
 *fill*         0x080010e2        0x2 
 .text.TIM6_DAC_IRQHandler
                0x080010e4       0x14 ./Core/Src/stm32l4xx_it.o
                0x080010e4                TIM6_DAC_IRQHandler
 .text.TIM7_IRQHandler
                0x080010f8       0x14 ./Core/Src/stm32l4xx_it.o
                0x080010f8                TIM7_IRQHandler
 .text.SystemInit
                0x0800110c       0x24 ./Core/Src/system_stm32l4xx.o
                0x0800110c                SystemInit
 .text.MX_TIM7_Init
                0x08001130       0x6c ./Core/Src/tim.o
                0x08001130                MX_TIM7_Init
 .text.HAL_TIM_Base_MspInit
                0x0800119c       0x4c ./Core/Src/tim.o
                0x0800119c                HAL_TIM_Base_MspInit
 .text.MX_USART2_UART_Init
                0x080011e8       0x60 ./Core/Src/usart.o
                0x080011e8                MX_USART2_UART_Init
 .text.HAL_UART_MspInit
                0x08001248       0xb8 ./Core/Src/usart.o
                0x08001248                HAL_UART_MspInit
 .text.Reset_Handler
                0x08001300       0x50 ./Core/Startup/startup_stm32l476rgtx.o
                0x08001300                Reset_Handler
 .text.Default_Handler
                0x08001350        0x2 ./Core/Startup/startup_stm32l476rgtx.o
                0x08001350                RTC_Alarm_IRQHandler
                0x08001350                EXTI2_IRQHandler
                0x08001350                TIM8_TRG_COM_IRQHandler
                0x08001350                TIM8_CC_IRQHandler
                0x08001350                TIM1_CC_IRQHandler
                0x08001350                TSC_IRQHandler
                0x08001350                TAMP_STAMP_IRQHandler
                0x08001350                EXTI3_IRQHandler
                0x08001350                LPTIM2_IRQHandler
                0x08001350                DFSDM1_FLT1_IRQHandler
                0x08001350                I2C3_ER_IRQHandler
                0x08001350                DFSDM1_FLT2_IRQHandler
                0x08001350                EXTI0_IRQHandler
                0x08001350                I2C2_EV_IRQHandler
                0x08001350                CAN1_RX0_IRQHandler
                0x08001350                FPU_IRQHandler
                0x08001350                TIM1_UP_TIM16_IRQHandler
                0x08001350                ADC1_2_IRQHandler
                0x08001350                SPI1_IRQHandler
                0x08001350                TIM8_UP_IRQHandler
                0x08001350                DMA2_Channel2_IRQHandler
                0x08001350                DMA1_Channel4_IRQHandler
                0x08001350                SAI2_IRQHandler
                0x08001350                DFSDM1_FLT3_IRQHandler
                0x08001350                USART3_IRQHandler
                0x08001350                DMA1_Channel7_IRQHandler
                0x08001350                CAN1_RX1_IRQHandler
                0x08001350                LCD_IRQHandler
                0x08001350                UART5_IRQHandler
                0x08001350                ADC3_IRQHandler
                0x08001350                TIM4_IRQHandler
                0x08001350                DMA2_Channel1_IRQHandler
                0x08001350                QUADSPI_IRQHandler
                0x08001350                I2C1_EV_IRQHandler
                0x08001350                DMA1_Channel6_IRQHandler
                0x08001350                UART4_IRQHandler
                0x08001350                DMA2_Channel4_IRQHandler
                0x08001350                TIM3_IRQHandler
                0x08001350                RCC_IRQHandler
                0x08001350                DMA1_Channel1_IRQHandler
                0x08001350                Default_Handler
                0x08001350                DMA2_Channel7_IRQHandler
                0x08001350                EXTI15_10_IRQHandler
                0x08001350                SDMMC1_IRQHandler
                0x08001350                TIM5_IRQHandler
                0x08001350                I2C3_EV_IRQHandler
                0x08001350                EXTI9_5_IRQHandler
                0x08001350                RTC_WKUP_IRQHandler
                0x08001350                PVD_PVM_IRQHandler
                0x08001350                SPI2_IRQHandler
                0x08001350                CAN1_TX_IRQHandler
                0x08001350                DMA2_Channel5_IRQHandler
                0x08001350                DMA1_Channel5_IRQHandler
                0x08001350                EXTI4_IRQHandler
                0x08001350                RNG_IRQHandler
                0x08001350                TIM1_TRG_COM_TIM17_IRQHandler
                0x08001350                DMA1_Channel3_IRQHandler
                0x08001350                COMP_IRQHandler
                0x08001350                WWDG_IRQHandler
                0x08001350                LPUART1_IRQHandler
                0x08001350                DMA2_Channel6_IRQHandler
                0x08001350                TIM2_IRQHandler
                0x08001350                EXTI1_IRQHandler
                0x08001350                USART2_IRQHandler
                0x08001350                DFSDM1_FLT0_IRQHandler
                0x08001350                I2C2_ER_IRQHandler
                0x08001350                DMA1_Channel2_IRQHandler
                0x08001350                TIM8_BRK_IRQHandler
                0x08001350                CAN1_SCE_IRQHandler
                0x08001350                FLASH_IRQHandler
                0x08001350                USART1_IRQHandler
                0x08001350                OTG_FS_IRQHandler
                0x08001350                SPI3_IRQHandler
                0x08001350                I2C1_ER_IRQHandler
                0x08001350                FMC_IRQHandler
                0x08001350                SWPMI1_IRQHandler
                0x08001350                LPTIM1_IRQHandler
                0x08001350                SAI1_IRQHandler
                0x08001350                DMA2_Channel3_IRQHandler
                0x08001350                TIM1_BRK_TIM15_IRQHandler
 *fill*         0x08001352        0x2 
 .text.HAL_Init
                0x08001354       0x40 ./Drivers/STM32L4xx_HAL_Driver/Src/stm32l4xx_hal.o
                0x08001354                HAL_Init
 .text.HAL_IncTick
                0x08001394       0x28 ./Drivers/STM32L4xx_HAL_Driver/Src/stm32l4xx_hal.o
                0x08001394                HAL_IncTick
 .text.HAL_GetTick
                0x080013bc       0x18 ./Drivers/STM32L4xx_HAL_Driver/Src/stm32l4xx_hal.o
                0x080013bc                HAL_GetTick
 .text.__NVIC_SetPriorityGrouping
                0x080013d4       0x48 ./Drivers/STM32L4xx_HAL_Driver/Src/stm32l4xx_hal_cortex.o
 .text.__NVIC_GetPriorityGrouping
                0x0800141c       0x1c ./Drivers/STM32L4xx_HAL_Driver/Src/stm32l4xx_hal_cortex.o
 .text.__NVIC_EnableIRQ
                0x08001438       0x3c ./Drivers/STM32L4xx_HAL_Driver/Src/stm32l4xx_hal_cortex.o
 .text.__NVIC_SetPriority
                0x08001474       0x54 ./Drivers/STM32L4xx_HAL_Driver/Src/stm32l4xx_hal_cortex.o
 .text.NVIC_EncodePriority
                0x080014c8       0x66 ./Drivers/STM32L4xx_HAL_Driver/Src/stm32l4xx_hal_cortex.o
 .text.HAL_NVIC_SetPriorityGrouping
                0x0800152e       0x16 ./Drivers/STM32L4xx_HAL_Driver/Src/stm32l4xx_hal_cortex.o
                0x0800152e                HAL_NVIC_SetPriorityGrouping
 .text.HAL_NVIC_SetPriority
                0x08001544       0x38 ./Drivers/STM32L4xx_HAL_Driver/Src/stm32l4xx_hal_cortex.o
                0x08001544                HAL_NVIC_SetPriority
 .text.HAL_NVIC_EnableIRQ
                0x0800157c       0x1c ./Drivers/STM32L4xx_HAL_Driver/Src/stm32l4xx_hal_cortex.o
                0x0800157c                HAL_NVIC_EnableIRQ
 .text.HAL_GPIO_Init
                0x08001598      0x354 ./Drivers/STM32L4xx_HAL_Driver/Src/stm32l4xx_hal_gpio.o
                0x08001598                HAL_GPIO_Init
 .text.HAL_GPIO_ReadPin
                0x080018ec       0x30 ./Drivers/STM32L4xx_HAL_Driver/Src/stm32l4xx_hal_gpio.o
                0x080018ec                HAL_GPIO_ReadPin
 .text.HAL_GPIO_WritePin
                0x0800191c       0x30 ./Drivers/STM32L4xx_HAL_Driver/Src/stm32l4xx_hal_gpio.o
                0x0800191c                HAL_GPIO_WritePin
 .text.HAL_PWREx_GetVoltageRange
                0x0800194c       0x1c ./Drivers/STM32L4xx_HAL_Driver/Src/stm32l4xx_hal_pwr_ex.o
                0x0800194c                HAL_PWREx_GetVoltageRange
 .text.HAL_PWREx_ControlVoltageScaling
                0x08001968       0xac ./Drivers/STM32L4xx_HAL_Driver/Src/stm32l4xx_hal_pwr_ex.o
                0x08001968                HAL_PWREx_ControlVoltageScaling
 .text.HAL_RCC_OscConfig
                0x08001a14      0x7b8 ./Drivers/STM32L4xx_HAL_Driver/Src/stm32l4xx_hal_rcc.o
                0x08001a14                HAL_RCC_OscConfig
 .text.HAL_RCC_ClockConfig
                0x080021cc      0x200 ./Drivers/STM32L4xx_HAL_Driver/Src/stm32l4xx_hal_rcc.o
                0x080021cc                HAL_RCC_ClockConfig
 .text.HAL_RCC_GetSysClockFreq
                0x080023cc      0x118 ./Drivers/STM32L4xx_HAL_Driver/Src/stm32l4xx_hal_rcc.o
                0x080023cc                HAL_RCC_GetSysClockFreq
 .text.HAL_RCC_GetHCLKFreq
                0x080024e4       0x18 ./Drivers/STM32L4xx_HAL_Driver/Src/stm32l4xx_hal_rcc.o
                0x080024e4                HAL_RCC_GetHCLKFreq
 .text.HAL_RCC_GetPCLK1Freq
                0x080024fc       0x2c ./Drivers/STM32L4xx_HAL_Driver/Src/stm32l4xx_hal_rcc.o
                0x080024fc                HAL_RCC_GetPCLK1Freq
 .text.HAL_RCC_GetPCLK2Freq
                0x08002528       0x2c ./Drivers/STM32L4xx_HAL_Driver/Src/stm32l4xx_hal_rcc.o
                0x08002528                HAL_RCC_GetPCLK2Freq
 .text.HAL_RCC_GetClockConfig
                0x08002554       0x64 ./Drivers/STM32L4xx_HAL_Driver/Src/stm32l4xx_hal_rcc.o
                0x08002554                HAL_RCC_GetClockConfig
 .text.RCC_SetFlashLatencyFromMSIRange
                0x080025b8       0xc0 ./Drivers/STM32L4xx_HAL_Driver/Src/stm32l4xx_hal_rcc.o
 .text.HAL_RCCEx_PeriphCLKConfig
                0x08002678      0x5d4 ./Drivers/STM32L4xx_HAL_Driver/Src/stm32l4xx_hal_rcc_ex.o
                0x08002678                HAL_RCCEx_PeriphCLKConfig
 .text.RCCEx_PLLSAI1_Config
                0x08002c4c      0x1e8 ./Drivers/STM32L4xx_HAL_Driver/Src/stm32l4xx_hal_rcc_ex.o
 .text.RCCEx_PLLSAI2_Config
                0x08002e34      0x1bc ./Drivers/STM32L4xx_HAL_Driver/Src/stm32l4xx_hal_rcc_ex.o
 .text.HAL_SPI_Init
                0x08002ff0      0x146 ./Drivers/STM32L4xx_HAL_Driver/Src/stm32l4xx_hal_spi.o
                0x08002ff0                HAL_SPI_Init
 .text.HAL_SPI_Transmit
                0x08003136      0x2ec ./Drivers/STM32L4xx_HAL_Driver/Src/stm32l4xx_hal_spi.o
                0x08003136                HAL_SPI_Transmit
 *fill*         0x08003422        0x2 
 .text.SPI_WaitFlagStateUntilTimeout
                0x08003424      0x110 ./Drivers/STM32L4xx_HAL_Driver/Src/stm32l4xx_hal_spi.o
 .text.SPI_WaitFifoStateUntilTimeout
                0x08003534      0x12c ./Drivers/STM32L4xx_HAL_Driver/Src/stm32l4xx_hal_spi.o
 .text.SPI_EndRxTxTransaction
                0x08003660       0x8c ./Drivers/STM32L4xx_HAL_Driver/Src/stm32l4xx_hal_spi.o
 .text.HAL_TIM_Base_Init
                0x080036ec       0xae ./Drivers/STM32L4xx_HAL_Driver/Src/stm32l4xx_hal_tim.o
                0x080036ec                HAL_TIM_Base_Init
 *fill*         0x0800379a        0x2 
 .text.HAL_TIM_Base_Start_IT
                0x0800379c       0xe0 ./Drivers/STM32L4xx_HAL_Driver/Src/stm32l4xx_hal_tim.o
                0x0800379c                HAL_TIM_Base_Start_IT
 .text.HAL_TIM_IRQHandler
                0x0800387c      0x20e ./Drivers/STM32L4xx_HAL_Driver/Src/stm32l4xx_hal_tim.o
                0x0800387c                HAL_TIM_IRQHandler
 .text.HAL_TIM_OC_DelayElapsedCallback
                0x08003a8a       0x14 ./Drivers/STM32L4xx_HAL_Driver/Src/stm32l4xx_hal_tim.o
                0x08003a8a                HAL_TIM_OC_DelayElapsedCallback
 .text.HAL_TIM_IC_CaptureCallback
                0x08003a9e       0x14 ./Drivers/STM32L4xx_HAL_Driver/Src/stm32l4xx_hal_tim.o
                0x08003a9e                HAL_TIM_IC_CaptureCallback
 .text.HAL_TIM_PWM_PulseFinishedCallback
                0x08003ab2       0x14 ./Drivers/STM32L4xx_HAL_Driver/Src/stm32l4xx_hal_tim.o
                0x08003ab2                HAL_TIM_PWM_PulseFinishedCallback
 .text.HAL_TIM_TriggerCallback
                0x08003ac6       0x14 ./Drivers/STM32L4xx_HAL_Driver/Src/stm32l4xx_hal_tim.o
                0x08003ac6                HAL_TIM_TriggerCallback
 *fill*         0x08003ada        0x2 
 .text.TIM_Base_SetConfig
                0x08003adc      0x140 ./Drivers/STM32L4xx_HAL_Driver/Src/stm32l4xx_hal_tim.o
                0x08003adc                TIM_Base_SetConfig
 .text.HAL_TIMEx_MasterConfigSynchronization
                0x08003c1c      0x110 ./Drivers/STM32L4xx_HAL_Driver/Src/stm32l4xx_hal_tim_ex.o
                0x08003c1c                HAL_TIMEx_MasterConfigSynchronization
 .text.HAL_TIMEx_CommutCallback
                0x08003d2c       0x14 ./Drivers/STM32L4xx_HAL_Driver/Src/stm32l4xx_hal_tim_ex.o
                0x08003d2c                HAL_TIMEx_CommutCallback
 .text.HAL_TIMEx_BreakCallback
                0x08003d40       0x14 ./Drivers/STM32L4xx_HAL_Driver/Src/stm32l4xx_hal_tim_ex.o
                0x08003d40                HAL_TIMEx_BreakCallback
 .text.HAL_TIMEx_Break2Callback
                0x08003d54       0x14 ./Drivers/STM32L4xx_HAL_Driver/Src/stm32l4xx_hal_tim_ex.o
                0x08003d54                HAL_TIMEx_Break2Callback
 .text.HAL_UART_Init
                0x08003d68       0x9c ./Drivers/STM32L4xx_HAL_Driver/Src/stm32l4xx_hal_uart.o
                0x08003d68                HAL_UART_Init
 .text.UART_SetConfig
                0x08003e04      0x570 ./Drivers/STM32L4xx_HAL_Driver/Src/stm32l4xx_hal_uart.o
                0x08003e04                UART_SetConfig
 .text.UART_AdvFeatureConfig
                0x08004374      0x144 ./Drivers/STM32L4xx_HAL_Driver/Src/stm32l4xx_hal_uart.o
                0x08004374                UART_AdvFeatureConfig
 .text.UART_CheckIdleState
                0x080044b8      0x150 ./Drivers/STM32L4xx_HAL_Driver/Src/stm32l4xx_hal_uart.o
                0x080044b8                UART_CheckIdleState
 .text.UART_WaitOnFlagUntilTimeout
                0x08004608       0xda ./Drivers/STM32L4xx_HAL_Driver/Src/stm32l4xx_hal_uart.o
                0x08004608                UART_WaitOnFlagUntilTimeout
 .text.UART_EndRxTransfer
                0x080046e2       0xc8 ./Drivers/STM32L4xx_HAL_Driver/Src/stm32l4xx_hal_uart.o
 *fill*         0x080047aa        0x2 
 .text.SysTick_Handler
                0x080047ac       0x20 ./Middlewares/Third_Party/FreeRTOS/Source/CMSIS_RTOS_V2/cmsis_os2.o
                0x080047ac                SysTick_Handler
 .text.vListInsertEnd
                0x080047cc       0x48 ./Middlewares/Third_Party/FreeRTOS/Source/list.o
                0x080047cc                vListInsertEnd
 .text.uxListRemove
                0x08004814       0x54 ./Middlewares/Third_Party/FreeRTOS/Source/list.o
                0x08004814                uxListRemove
 .text.xTaskIncrementTick
                0x08004868      0x174 ./Middlewares/Third_Party/FreeRTOS/Source/tasks.o
                0x08004868                xTaskIncrementTick
 .text.vTaskSwitchContext
                0x080049dc      0x100 ./Middlewares/Third_Party/FreeRTOS/Source/tasks.o
                0x080049dc                vTaskSwitchContext
 .text.prvResetNextTaskUnblockTime
                0x08004adc       0x40 ./Middlewares/Third_Party/FreeRTOS/Source/tasks.o
 .text.xTaskGetSchedulerState
                0x08004b1c       0x3c ./Middlewares/Third_Party/FreeRTOS/Source/tasks.o
                0x08004b1c                xTaskGetSchedulerState
 *fill*         0x08004b58        0x8 
 .text.SVC_Handler
                0x08004b60       0x28 ./Middlewares/Third_Party/FreeRTOS/Source/portable/GCC/ARM_CM4F/port.o
                0x08004b60                SVC_Handler
 *fill*         0x08004b88        0x8 
 .text.PendSV_Handler
                0x08004b90       0x68 ./Middlewares/Third_Party/FreeRTOS/Source/portable/GCC/ARM_CM4F/port.o
                0x08004b90                PendSV_Handler
 .text.xPortSysTickHandler
                0x08004bf8       0x44 ./Middlewares/Third_Party/FreeRTOS/Source/portable/GCC/ARM_CM4F/port.o
                0x08004bf8                xPortSysTickHandler
 .text.memset   0x08004c3c       0x10 C:/ST/STM32CubeIDE_1.19.0/STM32CubeIDE/plugins/com.st.stm32cube.ide.mcu.externaltools.gnu-tools-for-stm32.13.3.rel1.win32_1.0.100.202509120712/tools/bin/../lib/gcc/arm-none-eabi/13.3.1/../../../../arm-none-eabi/lib/thumb/v7e-m+fp/hard\libc_nano.a(libc_a-memset.o)
                0x08004c3c                memset
 .text.__libc_init_array
                0x08004c4c       0x48 C:/ST/STM32CubeIDE_1.19.0/STM32CubeIDE/plugins/com.st.stm32cube.ide.mcu.externaltools.gnu-tools-for-stm32.13.3.rel1.win32_1.0.100.202509120712/tools/bin/../lib/gcc/arm-none-eabi/13.3.1/../../../../arm-none-eabi/lib/thumb/v7e-m+fp/hard\libc_nano.a(libc_a-init.o)
                0x08004c4c                __libc_init_array
 *(.glue_7)
 .glue_7        0x08004c94        0x0 linker stubs
 *(.glue_7t)
 .glue_7t       0x08004c94        0x0 linker stubs
 *(.eh_frame)
 .eh_frame      0x08004c94        0x0 C:/ST/STM32CubeIDE_1.19.0/STM32CubeIDE/plugins/com.st.stm32cube.ide.mcu.externaltools.gnu-tools-for-stm32.13.3.rel1.win32_1.0.100.202509120712/tools/bin/../lib/gcc/arm-none-eabi/13.3.1/thumb/v7e-m+fp/hard/crtbegin.o
 *(.init)
 .init          0x08004c94        0x4 C:/ST/STM32CubeIDE_1.19.0/STM32CubeIDE/plugins/com.st.stm32cube.ide.mcu.externaltools.gnu-tools-for-stm32.13.3.rel1.win32_1.0.100.202509120712/tools/bin/../lib/gcc/arm-none-eabi/13.3.1/thumb/v7e-m+fp/hard/crti.o
                0x08004c94                _init
 .init          0x08004c98        0x8 C:/ST/STM32CubeIDE_1.19.0/STM32CubeIDE/plugins/com.st.stm32cube.ide.mcu.externaltools.gnu-tools-for-stm32.13.3.rel1.win32_1.0.100.202509120712/tools/bin/../lib/gcc/arm-none-eabi/13.3.1/thumb/v7e-m+fp/hard/crtn.o
 *(.fini)
 .fini          0x08004ca0        0x4 C:/ST/STM32CubeIDE_1.19.0/STM32CubeIDE/plugins/com.st.stm32cube.ide.mcu.externaltools.gnu-tools-for-stm32.13.3.rel1.win32_1.0.100.202509120712/tools/bin/../lib/gcc/arm-none-eabi/13.3.1/thumb/v7e-m+fp/hard/crti.o
                0x08004ca0                _fini
 .fini          0x08004ca4        0x8 C:/ST/STM32CubeIDE_1.19.0/STM32CubeIDE/plugins/com.st.stm32cube.ide.mcu.externaltools.gnu-tools-for-stm32.13.3.rel1.win32_1.0.100.202509120712/tools/bin/../lib/gcc/arm-none-eabi/13.3.1/thumb/v7e-m+fp/hard/crtn.o
                0x08004cac                        . = ALIGN (0x4)
                0x08004cac                        _etext = .

.vfp11_veneer   0x08004cac        0x0
 .vfp11_veneer  0x08004cac        0x0 linker stubs

.v4_bx          0x08004cac        0x0
 .v4_bx         0x08004cac        0x0 linker stubs

.iplt           0x08004cac        0x0
 .iplt          0x08004cac        0x0 C:/ST/STM32CubeIDE_1.19.0/STM32CubeIDE/plugins/com.st.stm32cube.ide.mcu.externaltools.gnu-tools-for-stm32.13.3.rel1.win32_1.0.100.202509120712/tools/bin/../lib/gcc/arm-none-eabi/13.3.1/thumb/v7e-m+fp/hard/crtbegin.o

.rodata         0x08004cac       0x90
                0x08004cac                        . = ALIGN (0x4)
 *(.rodata)
 *(.rodata*)
 .rodata.TL1_Red
                0x08004cac        0x2 ./Core/Src/leds.o
                0x08004cac                TL1_Red
 *fill*         0x08004cae        0x2 
 .rodata.TL1_Yellow
                0x08004cb0        0x2 ./Core/Src/leds.o
                0x08004cb0                TL1_Yellow
 *fill*         0x08004cb2        0x2 
 .rodata.TL1_Green
                0x08004cb4        0x2 ./Core/Src/leds.o
                0x08004cb4                TL1_Green
 *fill*         0x08004cb6        0x2 
 .rodata.TL2_Red
                0x08004cb8        0x2 ./Core/Src/leds.o
                0x08004cb8                TL2_Red
 *fill*         0x08004cba        0x2 
 .rodata.TL2_Yellow
                0x08004cbc        0x2 ./Core/Src/leds.o
                0x08004cbc                TL2_Yellow
 *fill*         0x08004cbe        0x2 
 .rodata.TL2_Green
                0x08004cc0        0x2 ./Core/Src/leds.o
                0x08004cc0                TL2_Green
 *fill*         0x08004cc2        0x2 
 .rodata.TL3_Red
                0x08004cc4        0x2 ./Core/Src/leds.o
                0x08004cc4                TL3_Red
 *fill*         0x08004cc6        0x2 
 .rodata.TL3_Yellow
                0x08004cc8        0x2 ./Core/Src/leds.o
                0x08004cc8                TL3_Yellow
 *fill*         0x08004cca        0x2 
 .rodata.TL3_Green
                0x08004ccc        0x2 ./Core/Src/leds.o
                0x08004ccc                TL3_Green
 *fill*         0x08004cce        0x2 
 .rodata.TL4_Red
                0x08004cd0        0x2 ./Core/Src/leds.o
                0x08004cd0                TL4_Red
 *fill*         0x08004cd2        0x2 
 .rodata.TL4_Yellow
                0x08004cd4        0x2 ./Core/Src/leds.o
                0x08004cd4                TL4_Yellow
 *fill*         0x08004cd6        0x2 
 .rodata.TL4_Green
                0x08004cd8        0x2 ./Core/Src/leds.o
                0x08004cd8                TL4_Green
 *fill*         0x08004cda        0x2 
 .rodata.PL1_Red
                0x08004cdc        0x2 ./Core/Src/leds.o
                0x08004cdc                PL1_Red
 *fill*         0x08004cde        0x2 
 .rodata.PL1_Green
                0x08004ce0        0x2 ./Core/Src/leds.o
                0x08004ce0                PL1_Green
 *fill*         0x08004ce2        0x2 
 .rodata.PL1_Blue
                0x08004ce4        0x2 ./Core/Src/leds.o
                0x08004ce4                PL1_Blue
 *fill*         0x08004ce6        0x2 
 .rodata.PL2_Red
                0x08004ce8        0x2 ./Core/Src/leds.o
                0x08004ce8                PL2_Red
 *fill*         0x08004cea        0x2 
 .rodata.PL2_Green
                0x08004cec        0x2 ./Core/Src/leds.o
                0x08004cec                PL2_Green
 *fill*         0x08004cee        0x2 
 .rodata.PL2_Blue
                0x08004cf0        0x2 ./Core/Src/leds.o
                0x08004cf0                PL2_Blue
 *fill*         0x08004cf2        0x2 
 .rodata.AHBPrescTable
                0x08004cf4       0x10 ./Core/Src/system_stm32l4xx.o
                0x08004cf4                AHBPrescTable
 .rodata.APBPrescTable
                0x08004d04        0x8 ./Core/Src/system_stm32l4xx.o
                0x08004d04                APBPrescTable
 .rodata.MSIRangeTable
                0x08004d0c       0x30 ./Core/Src/system_stm32l4xx.o
                0x08004d0c                MSIRangeTable
                0x08004d3c                        . = ALIGN (0x4)

.ARM.extab      0x08004d3c        0x0
                0x08004d3c                        . = ALIGN (0x4)
 *(.ARM.extab* .gnu.linkonce.armextab.*)
                0x08004d3c                        . = ALIGN (0x4)

.ARM            0x08004d3c        0x8
                0x08004d3c                        . = ALIGN (0x4)
                0x08004d3c                        __exidx_start = .
 *(.ARM.exidx*)
 .ARM.exidx     0x08004d3c        0x8 C:/ST/STM32CubeIDE_1.19.0/STM32CubeIDE/plugins/com.st.stm32cube.ide.mcu.externaltools.gnu-tools-for-stm32.13.3.rel1.win32_1.0.100.202509120712/tools/bin/../lib/gcc/arm-none-eabi/13.3.1/thumb/v7e-m+fp/hard\libgcc.a(_udivmoddi4.o)
                0x08004d44                        __exidx_end = .
                0x08004d44                        . = ALIGN (0x4)

.preinit_array  0x08004d44        0x0
                0x08004d44                        . = ALIGN (0x4)
                0x08004d44                        PROVIDE (__preinit_array_start = .)
 *(.preinit_array*)
                0x08004d44                        PROVIDE (__preinit_array_end = .)
                0x08004d44                        . = ALIGN (0x4)

.init_array     0x08004d44        0x4
                0x08004d44                        . = ALIGN (0x4)
                0x08004d44                        PROVIDE (__init_array_start = .)
 *(SORT_BY_NAME(.init_array.*))
 *(.init_array*)
 .init_array    0x08004d44        0x4 C:/ST/STM32CubeIDE_1.19.0/STM32CubeIDE/plugins/com.st.stm32cube.ide.mcu.externaltools.gnu-tools-for-stm32.13.3.rel1.win32_1.0.100.202509120712/tools/bin/../lib/gcc/arm-none-eabi/13.3.1/thumb/v7e-m+fp/hard/crtbegin.o
                0x08004d48                        PROVIDE (__init_array_end = .)
                0x08004d48                        . = ALIGN (0x4)

.fini_array     0x08004d48        0x4
                0x08004d48                        . = ALIGN (0x4)
                [!provide]                        PROVIDE (__fini_array_start = .)
 *(SORT_BY_NAME(.fini_array.*))
 *(.fini_array*)
 .fini_array    0x08004d48        0x4 C:/ST/STM32CubeIDE_1.19.0/STM32CubeIDE/plugins/com.st.stm32cube.ide.mcu.externaltools.gnu-tools-for-stm32.13.3.rel1.win32_1.0.100.202509120712/tools/bin/../lib/gcc/arm-none-eabi/13.3.1/thumb/v7e-m+fp/hard/crtbegin.o
                [!provide]                        PROVIDE (__fini_array_end = .)
                0x08004d4c                        . = ALIGN (0x4)
                0x08004d4c                        _sidata = LOADADDR (.data)

.rel.dyn        0x08004d4c        0x0
 .rel.iplt      0x08004d4c        0x0 C:/ST/STM32CubeIDE_1.19.0/STM32CubeIDE/plugins/com.st.stm32cube.ide.mcu.externaltools.gnu-tools-for-stm32.13.3.rel1.win32_1.0.100.202509120712/tools/bin/../lib/gcc/arm-none-eabi/13.3.1/thumb/v7e-m+fp/hard/crtbegin.o

.data           0x20000000       0x60 load address 0x08004d4c
                0x20000000                        . = ALIGN (0x4)
                0x20000000                        _sdata = .
 *(.data)
 *(.data*)
 .data.togglePeriod
                0x20000000        0x4 ./Core/Src/statemachine_pedestrian.o
                0x20000000                togglePeriod
 .data.SystemCoreClock
                0x20000004        0x4 ./Core/Src/system_stm32l4xx.o
                0x20000004                SystemCoreClock
 .data.uwTickPrio
                0x20000008        0x4 ./Drivers/STM32L4xx_HAL_Driver/Src/stm32l4xx_hal.o
                0x20000008                uwTickPrio
 .data.uwTickFreq
                0x2000000c        0x1 ./Drivers/STM32L4xx_HAL_Driver/Src/stm32l4xx_hal.o
                0x2000000c                uwTickFreq
 *fill*         0x2000000d        0x3 
 .data._impure_ptr
                0x20000010        0x4 C:/ST/STM32CubeIDE_1.19.0/STM32CubeIDE/plugins/com.st.stm32cube.ide.mcu.externaltools.gnu-tools-for-stm32.13.3.rel1.win32_1.0.100.202509120712/tools/bin/../lib/gcc/arm-none-eabi/13.3.1/../../../../arm-none-eabi/lib/thumb/v7e-m+fp/hard\libc_nano.a(libc_a-impure.o)
                0x20000010                _impure_ptr
 .data._impure_data
                0x20000014       0x4c C:/ST/STM32CubeIDE_1.19.0/STM32CubeIDE/plugins/com.st.stm32cube.ide.mcu.externaltools.gnu-tools-for-stm32.13.3.rel1.win32_1.0.100.202509120712/tools/bin/../lib/gcc/arm-none-eabi/13.3.1/../../../../arm-none-eabi/lib/thumb/v7e-m+fp/hard\libc_nano.a(libc_a-impure.o)
                0x20000014                _impure_data
 *(.RamFunc)
 *(.RamFunc*)
                0x20000060                        . = ALIGN (0x4)
                0x20000060                        _edata = .

.igot.plt       0x20000060        0x0 load address 0x08004dac
 .igot.plt      0x20000060        0x0 C:/ST/STM32CubeIDE_1.19.0/STM32CubeIDE/plugins/com.st.stm32cube.ide.mcu.externaltools.gnu-tools-for-stm32.13.3.rel1.win32_1.0.100.202509120712/tools/bin/../lib/gcc/arm-none-eabi/13.3.1/thumb/v7e-m+fp/hard/crtbegin.o
                0x20000060                        . = ALIGN (0x4)

.bss            0x20000060      0x7f8 load address 0x08004dac
                0x20000060                        _sbss = .
                0x20000060                        __bss_start__ = _sbss
 *(.bss)
 .bss           0x20000060       0x1c C:/ST/STM32CubeIDE_1.19.0/STM32CubeIDE/plugins/com.st.stm32cube.ide.mcu.externaltools.gnu-tools-for-stm32.13.3.rel1.win32_1.0.100.202509120712/tools/bin/../lib/gcc/arm-none-eabi/13.3.1/thumb/v7e-m+fp/hard/crtbegin.o
 *(.bss*)
 .bss.ulStatsTimerTicks
                0x2000007c        0x4 ./Core/Src/freertos.o
                0x2000007c                ulStatsTimerTicks
 .bss.leds      0x20000080        0x3 ./Core/Src/leds.o
                0x20000080                leds
 *fill*         0x20000083        0x1 
 .bss.hspi2     0x20000084       0x64 ./Core/Src/spi.o
                0x20000084                hspi2
 .bss.hspi3     0x200000e8       0x64 ./Core/Src/spi.o
                0x200000e8                hspi3
 .bss.NextState1.15
                0x2000014c        0x1 ./Core/Src/statemachine_pedestrian.o
 .bss.State1.14
                0x2000014d        0x1 ./Core/Src/statemachine_pedestrian.o
 *fill*         0x2000014e        0x2 
 .bss.startBlinkTime1.13
                0x20000150        0x4 ./Core/Src/statemachine_pedestrian.o
 .bss.lastToggleTime1.12
                0x20000154        0x4 ./Core/Src/statemachine_pedestrian.o
 .bss.startCarOrangeTime1.11
                0x20000158        0x4 ./Core/Src/statemachine_pedestrian.o
 .bss.indicatorOn1.10
                0x2000015c        0x1 ./Core/Src/statemachine_pedestrian.o
 *fill*         0x2000015d        0x3 
 .bss.startCarRedTime1.9
                0x20000160        0x4 ./Core/Src/statemachine_pedestrian.o
 .bss.startPedGreenTime1.8
                0x20000164        0x4 ./Core/Src/statemachine_pedestrian.o
 .bss.htim6     0x20000168       0x4c ./Core/Src/stm32l4xx_hal_timebase_tim.o
                0x20000168                htim6
 .bss.htim7     0x200001b4       0x4c ./Core/Src/tim.o
                0x200001b4                htim7
 .bss.huart2    0x20000200       0x88 ./Core/Src/usart.o
                0x20000200                huart2
 .bss.uwTick    0x20000288        0x4 ./Drivers/STM32L4xx_HAL_Driver/Src/stm32l4xx_hal.o
                0x20000288                uwTick
 .bss.pxCurrentTCB
                0x2000028c        0x4 ./Middlewares/Third_Party/FreeRTOS/Source/tasks.o
                0x2000028c                pxCurrentTCB
 .bss.pxReadyTasksLists
                0x20000290      0x460 ./Middlewares/Third_Party/FreeRTOS/Source/tasks.o
 .bss.pxDelayedTaskList
                0x200006f0        0x4 ./Middlewares/Third_Party/FreeRTOS/Source/tasks.o
 .bss.pxOverflowDelayedTaskList
                0x200006f4        0x4 ./Middlewares/Third_Party/FreeRTOS/Source/tasks.o
 .bss.xTickCount
                0x200006f8        0x4 ./Middlewares/Third_Party/FreeRTOS/Source/tasks.o
 .bss.uxTopReadyPriority
                0x200006fc        0x4 ./Middlewares/Third_Party/FreeRTOS/Source/tasks.o
 .bss.xSchedulerRunning
                0x20000700        0x4 ./Middlewares/Third_Party/FreeRTOS/Source/tasks.o
 .bss.xPendedTicks
                0x20000704        0x4 ./Middlewares/Third_Party/FreeRTOS/Source/tasks.o
 .bss.xYieldPending
                0x20000708        0x4 ./Middlewares/Third_Party/FreeRTOS/Source/tasks.o
 .bss.xNumOfOverflows
                0x2000070c        0x4 ./Middlewares/Third_Party/FreeRTOS/Source/tasks.o
 .bss.xNextTaskUnblockTime
                0x20000710        0x4 ./Middlewares/Third_Party/FreeRTOS/Source/tasks.o
 .bss.uxSchedulerSuspended
                0x20000714        0x4 ./Middlewares/Third_Party/FreeRTOS/Source/tasks.o
 .bss.ulTaskSwitchedInTime
                0x20000718        0x4 ./Middlewares/Third_Party/FreeRTOS/Source/tasks.o
 .bss.ulTotalRunTime
                0x2000071c        0x4 ./Middlewares/Third_Party/FreeRTOS/Source/tasks.o
 .bss.__sf      0x20000720      0x138 C:/ST/STM32CubeIDE_1.19.0/STM32CubeIDE/plugins/com.st.stm32cube.ide.mcu.externaltools.gnu-tools-for-stm32.13.3.rel1.win32_1.0.100.202509120712/tools/bin/../lib/gcc/arm-none-eabi/13.3.1/../../../../arm-none-eabi/lib/thumb/v7e-m+fp/hard\libc_nano.a(libc_a-findfp.o)
                0x20000720                __sf
 *(COMMON)
                0x20000858                        . = ALIGN (0x4)
                0x20000858                        _ebss = .
                0x20000858                        __bss_end__ = _ebss

._user_heap_stack
                0x20000858      0x600 load address 0x08004dac
                0x20000858                        . = ALIGN (0x8)
                [!provide]                        PROVIDE (end = .)
                0x20000858                        PROVIDE (_end = .)
                0x20000a58                        . = (. + _Min_Heap_Size)
 *fill*         0x20000858      0x200 
                0x20000e58                        . = (. + _Min_Stack_Size)
 *fill*         0x20000a58      0x400 
                0x20000e58                        . = ALIGN (0x8)

/DISCARD/
 libc.a(*)
 libm.a(*)
 libgcc.a(*)

.ARM.attributes
                0x00000000       0x30
 *(.ARM.attributes)
 .ARM.attributes
                0x00000000       0x22 C:/ST/STM32CubeIDE_1.19.0/STM32CubeIDE/plugins/com.st.stm32cube.ide.mcu.externaltools.gnu-tools-for-stm32.13.3.rel1.win32_1.0.100.202509120712/tools/bin/../lib/gcc/arm-none-eabi/13.3.1/thumb/v7e-m+fp/hard/crti.o
 .ARM.attributes
                0x00000022       0x34 C:/ST/STM32CubeIDE_1.19.0/STM32CubeIDE/plugins/com.st.stm32cube.ide.mcu.externaltools.gnu-tools-for-stm32.13.3.rel1.win32_1.0.100.202509120712/tools/bin/../lib/gcc/arm-none-eabi/13.3.1/thumb/v7e-m+fp/hard/crtbegin.o
 .ARM.attributes
                0x00000056       0x34 ./Core/Src/freertos.o
 .ARM.attributes
                0x0000008a       0x34 ./Core/Src/functions.o
 .ARM.attributes
                0x000000be       0x34 ./Core/Src/gpio.o
 .ARM.attributes
                0x000000f2       0x34 ./Core/Src/leds.o
 .ARM.attributes
                0x00000126       0x34 ./Core/Src/main.o
 .ARM.attributes
                0x0000015a       0x34 ./Core/Src/spi.o
 .ARM.attributes
                0x0000018e       0x34 ./Core/Src/statemachine_pedestrian.o
 .ARM.attributes
                0x000001c2       0x34 ./Core/Src/stm32l4xx_hal_msp.o
 .ARM.attributes
                0x000001f6       0x34 ./Core/Src/stm32l4xx_hal_timebase_tim.o
 .ARM.attributes
                0x0000022a       0x34 ./Core/Src/stm32l4xx_it.o
 .ARM.attributes
                0x0000025e       0x34 ./Core/Src/system_stm32l4xx.o
 .ARM.attributes
                0x00000292       0x34 ./Core/Src/tim.o
 .ARM.attributes
                0x000002c6       0x34 ./Core/Src/usart.o
 .ARM.attributes
                0x000002fa       0x21 ./Core/Startup/startup_stm32l476rgtx.o
 .ARM.attributes
                0x0000031b       0x34 ./Drivers/STM32L4xx_HAL_Driver/Src/stm32l4xx_hal.o
 .ARM.attributes
                0x0000034f       0x34 ./Drivers/STM32L4xx_HAL_Driver/Src/stm32l4xx_hal_cortex.o
 .ARM.attributes
                0x00000383       0x34 ./Drivers/STM32L4xx_HAL_Driver/Src/stm32l4xx_hal_gpio.o
 .ARM.attributes
                0x000003b7       0x34 ./Drivers/STM32L4xx_HAL_Driver/Src/stm32l4xx_hal_pwr_ex.o
 .ARM.attributes
                0x000003eb       0x34 ./Drivers/STM32L4xx_HAL_Driver/Src/stm32l4xx_hal_rcc.o
 .ARM.attributes
                0x0000041f       0x34 ./Drivers/STM32L4xx_HAL_Driver/Src/stm32l4xx_hal_rcc_ex.o
 .ARM.attributes
                0x00000453       0x34 ./Drivers/STM32L4xx_HAL_Driver/Src/stm32l4xx_hal_spi.o
 .ARM.attributes
                0x00000487       0x34 ./Drivers/STM32L4xx_HAL_Driver/Src/stm32l4xx_hal_tim.o
 .ARM.attributes
                0x000004bb       0x34 ./Drivers/STM32L4xx_HAL_Driver/Src/stm32l4xx_hal_tim_ex.o
 .ARM.attributes
                0x000004ef       0x34 ./Drivers/STM32L4xx_HAL_Driver/Src/stm32l4xx_hal_uart.o
 .ARM.attributes
                0x00000523       0x34 ./Middlewares/Third_Party/FreeRTOS/Source/CMSIS_RTOS_V2/cmsis_os2.o
 .ARM.attributes
                0x00000557       0x34 ./Middlewares/Third_Party/FreeRTOS/Source/list.o
 .ARM.attributes
                0x0000058b       0x34 ./Middlewares/Third_Party/FreeRTOS/Source/tasks.o
 .ARM.attributes
                0x000005bf       0x34 ./Middlewares/Third_Party/FreeRTOS/Source/portable/GCC/ARM_CM4F/port.o
 .ARM.attributes
                0x000005f3       0x34 C:/ST/STM32CubeIDE_1.19.0/STM32CubeIDE/plugins/com.st.stm32cube.ide.mcu.externaltools.gnu-tools-for-stm32.13.3.rel1.win32_1.0.100.202509120712/tools/bin/../lib/gcc/arm-none-eabi/13.3.1/../../../../arm-none-eabi/lib/thumb/v7e-m+fp/hard\libc_nano.a(libc_a-findfp.o)
 .ARM.attributes
                0x00000627       0x34 C:/ST/STM32CubeIDE_1.19.0/STM32CubeIDE/plugins/com.st.stm32cube.ide.mcu.externaltools.gnu-tools-for-stm32.13.3.rel1.win32_1.0.100.202509120712/tools/bin/../lib/gcc/arm-none-eabi/13.3.1/../../../../arm-none-eabi/lib/thumb/v7e-m+fp/hard\libc_nano.a(libc_a-memset.o)
 .ARM.attributes
                0x0000065b       0x34 C:/ST/STM32CubeIDE_1.19.0/STM32CubeIDE/plugins/com.st.stm32cube.ide.mcu.externaltools.gnu-tools-for-stm32.13.3.rel1.win32_1.0.100.202509120712/tools/bin/../lib/gcc/arm-none-eabi/13.3.1/../../../../arm-none-eabi/lib/thumb/v7e-m+fp/hard\libc_nano.a(libc_a-impure.o)
 .ARM.attributes
                0x0000068f       0x34 C:/ST/STM32CubeIDE_1.19.0/STM32CubeIDE/plugins/com.st.stm32cube.ide.mcu.externaltools.gnu-tools-for-stm32.13.3.rel1.win32_1.0.100.202509120712/tools/bin/../lib/gcc/arm-none-eabi/13.3.1/../../../../arm-none-eabi/lib/thumb/v7e-m+fp/hard\libc_nano.a(libc_a-init.o)
 .ARM.attributes
                0x000006c3       0x22 C:/ST/STM32CubeIDE_1.19.0/STM32CubeIDE/plugins/com.st.stm32cube.ide.mcu.externaltools.gnu-tools-for-stm32.13.3.rel1.win32_1.0.100.202509120712/tools/bin/../lib/gcc/arm-none-eabi/13.3.1/thumb/v7e-m+fp/hard\libgcc.a(_aeabi_uldivmod.o)
 .ARM.attributes
                0x000006e5       0x34 C:/ST/STM32CubeIDE_1.19.0/STM32CubeIDE/plugins/com.st.stm32cube.ide.mcu.externaltools.gnu-tools-for-stm32.13.3.rel1.win32_1.0.100.202509120712/tools/bin/../lib/gcc/arm-none-eabi/13.3.1/thumb/v7e-m+fp/hard\libgcc.a(_udivmoddi4.o)
 .ARM.attributes
                0x00000719       0x22 C:/ST/STM32CubeIDE_1.19.0/STM32CubeIDE/plugins/com.st.stm32cube.ide.mcu.externaltools.gnu-tools-for-stm32.13.3.rel1.win32_1.0.100.202509120712/tools/bin/../lib/gcc/arm-none-eabi/13.3.1/thumb/v7e-m+fp/hard\libgcc.a(_dvmd_tls.o)
 .ARM.attributes
                0x0000073b       0x22 C:/ST/STM32CubeIDE_1.19.0/STM32CubeIDE/plugins/com.st.stm32cube.ide.mcu.externaltools.gnu-tools-for-stm32.13.3.rel1.win32_1.0.100.202509120712/tools/bin/../lib/gcc/arm-none-eabi/13.3.1/thumb/v7e-m+fp/hard/crtn.o
OUTPUT(PRO1_Chandadeep_Kaur.elf elf32-littlearm)
LOAD linker stubs
LOAD C:/ST/STM32CubeIDE_1.19.0/STM32CubeIDE/plugins/com.st.stm32cube.ide.mcu.externaltools.gnu-tools-for-stm32.13.3.rel1.win32_1.0.100.202509120712/tools/bin/../lib/gcc/arm-none-eabi/13.3.1/../../../../arm-none-eabi/lib/thumb/v7e-m+fp/hard\libc.a
LOAD C:/ST/STM32CubeIDE_1.19.0/STM32CubeIDE/plugins/com.st.stm32cube.ide.mcu.externaltools.gnu-tools-for-stm32.13.3.rel1.win32_1.0.100.202509120712/tools/bin/../lib/gcc/arm-none-eabi/13.3.1/../../../../arm-none-eabi/lib/thumb/v7e-m+fp/hard\libm.a
LOAD C:/ST/STM32CubeIDE_1.19.0/STM32CubeIDE/plugins/com.st.stm32cube.ide.mcu.externaltools.gnu-tools-for-stm32.13.3.rel1.win32_1.0.100.202509120712/tools/bin/../lib/gcc/arm-none-eabi/13.3.1/thumb/v7e-m+fp/hard\libgcc.a

.debug_info     0x00000000    0x1b846
 .debug_info    0x00000000      0xa2b ./Core/Src/freertos.o
 .debug_info    0x00000a2b      0xa1d ./Core/Src/functions.o
 .debug_info    0x00001448      0x4bc ./Core/Src/gpio.o
 .debug_info    0x00001904      0x2a5 ./Core/Src/leds.o
 .debug_info    0x00001ba9      0x959 ./Core/Src/main.o
 .debug_info    0x00002502      0xa46 ./Core/Src/spi.o
 .debug_info    0x00002f48      0x3fa ./Core/Src/statemachine_pedestrian.o
 .debug_info    0x00003342      0x555 ./Core/Src/stm32l4xx_hal_msp.o
 .debug_info    0x00003897      0xcca ./Core/Src/stm32l4xx_hal_timebase_tim.o
 .debug_info    0x00004561      0x72d ./Core/Src/stm32l4xx_it.o
 .debug_info    0x00004c8e      0x5e2 ./Core/Src/system_stm32l4xx.o
 .debug_info    0x00005270      0xc6a ./Core/Src/tim.o
 .debug_info    0x00005eda      0xd0d ./Core/Src/usart.o
 .debug_info    0x00006be7       0x30 ./Core/Startup/startup_stm32l476rgtx.o
 .debug_info    0x00006c17      0xc4d ./Drivers/STM32L4xx_HAL_Driver/Src/stm32l4xx_hal.o
 .debug_info    0x00007864      0xdad ./Drivers/STM32L4xx_HAL_Driver/Src/stm32l4xx_hal_cortex.o
 .debug_info    0x00008611      0x79f ./Drivers/STM32L4xx_HAL_Driver/Src/stm32l4xx_hal_gpio.o
 .debug_info    0x00008db0      0x9ca ./Drivers/STM32L4xx_HAL_Driver/Src/stm32l4xx_hal_pwr_ex.o
 .debug_info    0x0000977a      0xc45 ./Drivers/STM32L4xx_HAL_Driver/Src/stm32l4xx_hal_rcc.o
 .debug_info    0x0000a3bf      0xe58 ./Drivers/STM32L4xx_HAL_Driver/Src/stm32l4xx_hal_rcc_ex.o
 .debug_info    0x0000b217     0x1572 ./Drivers/STM32L4xx_HAL_Driver/Src/stm32l4xx_hal_spi.o
 .debug_info    0x0000c789     0x2ade ./Drivers/STM32L4xx_HAL_Driver/Src/stm32l4xx_hal_tim.o
 .debug_info    0x0000f267     0x16e0 ./Drivers/STM32L4xx_HAL_Driver/Src/stm32l4xx_hal_tim_ex.o
 .debug_info    0x00010947     0x3b8e ./Drivers/STM32L4xx_HAL_Driver/Src/stm32l4xx_hal_uart.o
 .debug_info    0x000144d5     0x4153 ./Middlewares/Third_Party/FreeRTOS/Source/CMSIS_RTOS_V2/cmsis_os2.o
 .debug_info    0x00018628      0x2af ./Middlewares/Third_Party/FreeRTOS/Source/list.o
 .debug_info    0x000188d7     0x2a91 ./Middlewares/Third_Party/FreeRTOS/Source/tasks.o
 .debug_info    0x0001b368      0x4de ./Middlewares/Third_Party/FreeRTOS/Source/portable/GCC/ARM_CM4F/port.o

.debug_abbrev   0x00000000     0x3b73
 .debug_abbrev  0x00000000      0x1ec ./Core/Src/freertos.o
 .debug_abbrev  0x000001ec      0x23e ./Core/Src/functions.o
 .debug_abbrev  0x0000042a      0x158 ./Core/Src/gpio.o
 .debug_abbrev  0x00000582       0xb7 ./Core/Src/leds.o
 .debug_abbrev  0x00000639      0x225 ./Core/Src/main.o
 .debug_abbrev  0x0000085e      0x1fe ./Core/Src/spi.o
 .debug_abbrev  0x00000a5c      0x178 ./Core/Src/statemachine_pedestrian.o
 .debug_abbrev  0x00000bd4      0x11e ./Core/Src/stm32l4xx_hal_msp.o
 .debug_abbrev  0x00000cf2      0x1fa ./Core/Src/stm32l4xx_hal_timebase_tim.o
 .debug_abbrev  0x00000eec      0x199 ./Core/Src/stm32l4xx_it.o
 .debug_abbrev  0x00001085      0x117 ./Core/Src/system_stm32l4xx.o
 .debug_abbrev  0x0000119c      0x1f6 ./Core/Src/tim.o
 .debug_abbrev  0x00001392      0x1f4 ./Core/Src/usart.o
 .debug_abbrev  0x00001586       0x24 ./Core/Startup/startup_stm32l476rgtx.o
 .debug_abbrev  0x000015aa      0x243 ./Drivers/STM32L4xx_HAL_Driver/Src/stm32l4xx_hal.o
 .debug_abbrev  0x000017ed      0x31c ./Drivers/STM32L4xx_HAL_Driver/Src/stm32l4xx_hal_cortex.o
 .debug_abbrev  0x00001b09      0x1d1 ./Drivers/STM32L4xx_HAL_Driver/Src/stm32l4xx_hal_gpio.o
 .debug_abbrev  0x00001cda      0x1f9 ./Drivers/STM32L4xx_HAL_Driver/Src/stm32l4xx_hal_pwr_ex.o
 .debug_abbrev  0x00001ed3      0x2dc ./Drivers/STM32L4xx_HAL_Driver/Src/stm32l4xx_hal_rcc.o
 .debug_abbrev  0x000021af      0x2a5 ./Drivers/STM32L4xx_HAL_Driver/Src/stm32l4xx_hal_rcc_ex.o
 .debug_abbrev  0x00002454      0x282 ./Drivers/STM32L4xx_HAL_Driver/Src/stm32l4xx_hal_spi.o
 .debug_abbrev  0x000026d6      0x289 ./Drivers/STM32L4xx_HAL_Driver/Src/stm32l4xx_hal_tim.o
 .debug_abbrev  0x0000295f      0x284 ./Drivers/STM32L4xx_HAL_Driver/Src/stm32l4xx_hal_tim_ex.o
 .debug_abbrev  0x00002be3      0x2f3 ./Drivers/STM32L4xx_HAL_Driver/Src/stm32l4xx_hal_uart.o
 .debug_abbrev  0x00002ed6      0x547 ./Middlewares/Third_Party/FreeRTOS/Source/CMSIS_RTOS_V2/cmsis_os2.o
 .debug_abbrev  0x0000341d       0xf5 ./Middlewares/Third_Party/FreeRTOS/Source/list.o
 .debug_abbrev  0x00003512      0x405 ./Middlewares/Third_Party/FreeRTOS/Source/tasks.o
 .debug_abbrev  0x00003917      0x25c ./Middlewares/Third_Party/FreeRTOS/Source/portable/GCC/ARM_CM4F/port.o

.debug_aranges  0x00000000     0x1770
 .debug_aranges
                0x00000000       0x38 ./Core/Src/freertos.o
 .debug_aranges
                0x00000038       0xc0 ./Core/Src/functions.o
 .debug_aranges
                0x000000f8       0x20 ./Core/Src/gpio.o
 .debug_aranges
                0x00000118       0x18 ./Core/Src/leds.o
 .debug_aranges
                0x00000130       0x38 ./Core/Src/main.o
 .debug_aranges
                0x00000168       0x38 ./Core/Src/spi.o
 .debug_aranges
                0x000001a0       0x28 ./Core/Src/statemachine_pedestrian.o
 .debug_aranges
                0x000001c8       0x20 ./Core/Src/stm32l4xx_hal_msp.o
 .debug_aranges
                0x000001e8       0x30 ./Core/Src/stm32l4xx_hal_timebase_tim.o
 .debug_aranges
                0x00000218       0x58 ./Core/Src/stm32l4xx_it.o
 .debug_aranges
                0x00000270       0x28 ./Core/Src/system_stm32l4xx.o
 .debug_aranges
                0x00000298       0x30 ./Core/Src/tim.o
 .debug_aranges
                0x000002c8       0x30 ./Core/Src/usart.o
 .debug_aranges
                0x000002f8       0x28 ./Core/Startup/startup_stm32l476rgtx.o
 .debug_aranges
                0x00000320      0x130 ./Drivers/STM32L4xx_HAL_Driver/Src/stm32l4xx_hal.o
 .debug_aranges
                0x00000450      0x128 ./Drivers/STM32L4xx_HAL_Driver/Src/stm32l4xx_hal_cortex.o
 .debug_aranges
                0x00000578       0x58 ./Drivers/STM32L4xx_HAL_Driver/Src/stm32l4xx_hal_gpio.o
 .debug_aranges
                0x000005d0      0x160 ./Drivers/STM32L4xx_HAL_Driver/Src/stm32l4xx_hal_pwr_ex.o
 .debug_aranges
                0x00000730       0x90 ./Drivers/STM32L4xx_HAL_Driver/Src/stm32l4xx_hal_rcc.o
 .debug_aranges
                0x000007c0       0xc0 ./Drivers/STM32L4xx_HAL_Driver/Src/stm32l4xx_hal_rcc_ex.o
 .debug_aranges
                0x00000880      0x1d8 ./Drivers/STM32L4xx_HAL_Driver/Src/stm32l4xx_hal_spi.o
 .debug_aranges
                0x00000a58      0x3e0 ./Drivers/STM32L4xx_HAL_Driver/Src/stm32l4xx_hal_tim.o
 .debug_aranges
                0x00000e38      0x180 ./Drivers/STM32L4xx_HAL_Driver/Src/stm32l4xx_hal_tim_ex.o
 .debug_aranges
                0x00000fb8      0x228 ./Drivers/STM32L4xx_HAL_Driver/Src/stm32l4xx_hal_uart.o
 .debug_aranges
                0x000011e0      0x2b0 ./Middlewares/Third_Party/FreeRTOS/Source/CMSIS_RTOS_V2/cmsis_os2.o
 .debug_aranges
                0x00001490       0x40 ./Middlewares/Third_Party/FreeRTOS/Source/list.o
 .debug_aranges
                0x000014d0      0x220 ./Middlewares/Third_Party/FreeRTOS/Source/tasks.o
 .debug_aranges
                0x000016f0       0x80 ./Middlewares/Third_Party/FreeRTOS/Source/portable/GCC/ARM_CM4F/port.o

.debug_rnglists
                0x00000000     0x1215
 .debug_rnglists
                0x00000000       0x25 ./Core/Src/freertos.o
 .debug_rnglists
                0x00000025       0x8b ./Core/Src/functions.o
 .debug_rnglists
                0x000000b0       0x14 ./Core/Src/gpio.o
 .debug_rnglists
                0x000000c4       0x26 ./Core/Src/main.o
 .debug_rnglists
                0x000000ea       0x26 ./Core/Src/spi.o
 .debug_rnglists
                0x00000110       0x1b ./Core/Src/statemachine_pedestrian.o
 .debug_rnglists
                0x0000012b       0x13 ./Core/Src/stm32l4xx_hal_msp.o
 .debug_rnglists
                0x0000013e       0x20 ./Core/Src/stm32l4xx_hal_timebase_tim.o
 .debug_rnglists
                0x0000015e       0x3d ./Core/Src/stm32l4xx_it.o
 .debug_rnglists
                0x0000019b       0x1a ./Core/Src/system_stm32l4xx.o
 .debug_rnglists
                0x000001b5       0x1f ./Core/Src/tim.o
 .debug_rnglists
                0x000001d4       0x20 ./Core/Src/usart.o
 .debug_rnglists
                0x000001f4       0x19 ./Core/Startup/startup_stm32l476rgtx.o
 .debug_rnglists
                0x0000020d       0xdf ./Drivers/STM32L4xx_HAL_Driver/Src/stm32l4xx_hal.o
 .debug_rnglists
                0x000002ec       0xda ./Drivers/STM32L4xx_HAL_Driver/Src/stm32l4xx_hal_cortex.o
 .debug_rnglists
                0x000003c6       0x3f ./Drivers/STM32L4xx_HAL_Driver/Src/stm32l4xx_hal_gpio.o
 .debug_rnglists
                0x00000405      0x109 ./Drivers/STM32L4xx_HAL_Driver/Src/stm32l4xx_hal_pwr_ex.o
 .debug_rnglists
                0x0000050e       0x6d ./Drivers/STM32L4xx_HAL_Driver/Src/stm32l4xx_hal_rcc.o
 .debug_rnglists
                0x0000057b       0x95 ./Drivers/STM32L4xx_HAL_Driver/Src/stm32l4xx_hal_rcc_ex.o
 .debug_rnglists
                0x00000610      0x178 ./Drivers/STM32L4xx_HAL_Driver/Src/stm32l4xx_hal_spi.o
 .debug_rnglists
                0x00000788      0x32c ./Drivers/STM32L4xx_HAL_Driver/Src/stm32l4xx_hal_tim.o
 .debug_rnglists
                0x00000ab4      0x139 ./Drivers/STM32L4xx_HAL_Driver/Src/stm32l4xx_hal_tim_ex.o
 .debug_rnglists
                0x00000bed      0x1da ./Drivers/STM32L4xx_HAL_Driver/Src/stm32l4xx_hal_uart.o
 .debug_rnglists
                0x00000dc7      0x212 ./Middlewares/Third_Party/FreeRTOS/Source/CMSIS_RTOS_V2/cmsis_os2.o
 .debug_rnglists
                0x00000fd9       0x2b ./Middlewares/Third_Party/FreeRTOS/Source/list.o
 .debug_rnglists
                0x00001004      0x1b4 ./Middlewares/Third_Party/FreeRTOS/Source/tasks.o
 .debug_rnglists
                0x000011b8       0x5d ./Middlewares/Third_Party/FreeRTOS/Source/portable/GCC/ARM_CM4F/port.o

.debug_macro    0x00000000     0x49eb
 .debug_macro   0x00000000      0x32d ./Core/Src/freertos.o
 .debug_macro   0x0000032d      0x191 ./Core/Src/freertos.o
 .debug_macro   0x000004be       0xb5 ./Core/Src/freertos.o
 .debug_macro   0x00000573       0xaa ./Core/Src/freertos.o
 .debug_macro   0x0000061d       0x56 ./Core/Src/freertos.o
 .debug_macro   0x00000673       0xe8 ./Core/Src/freertos.o
 .debug_macro   0x0000075b       0x6c ./Core/Src/freertos.o
 .debug_macro   0x000007c7       0x74 ./Core/Src/freertos.o
 .debug_macro   0x0000083b       0xdd ./Core/Src/freertos.o
 .debug_macro   0x00000918      0x348 ./Core/Src/functions.o
 .debug_macro   0x00000c60       0x1c ./Core/Src/functions.o
 .debug_macro   0x00000c7c       0x10 ./Core/Src/functions.o
 .debug_macro   0x00000c8c       0x1c ./Core/Src/functions.o
 .debug_macro   0x00000ca8       0x16 ./Core/Src/functions.o
 .debug_macro   0x00000cbe      0x146 ./Core/Src/functions.o
 .debug_macro   0x00000e04      0x1fd ./Core/Src/gpio.o
 .debug_macro   0x00001001      0x322 ./Core/Src/leds.o
 .debug_macro   0x00001323      0x3a0 ./Core/Src/main.o
 .debug_macro   0x000016c3       0x66 ./Core/Src/main.o
 .debug_macro   0x00001729      0x1fd ./Core/Src/spi.o
 .debug_macro   0x00001926      0x340 ./Core/Src/statemachine_pedestrian.o
 .debug_macro   0x00001c66      0x1f3 ./Core/Src/stm32l4xx_hal_msp.o
 .debug_macro   0x00001e59      0x1e4 ./Core/Src/stm32l4xx_hal_timebase_tim.o
 .debug_macro   0x0000203d      0x1fd ./Core/Src/stm32l4xx_it.o
 .debug_macro   0x0000223a      0x1e4 ./Core/Src/system_stm32l4xx.o
 .debug_macro   0x0000241e      0x1fd ./Core/Src/tim.o
 .debug_macro   0x0000261b      0x1fd ./Core/Src/usart.o
 .debug_macro   0x00002818      0x232 ./Drivers/STM32L4xx_HAL_Driver/Src/stm32l4xx_hal.o
 .debug_macro   0x00002a4a      0x1e4 ./Drivers/STM32L4xx_HAL_Driver/Src/stm32l4xx_hal_cortex.o
 .debug_macro   0x00002c2e      0x1eb ./Drivers/STM32L4xx_HAL_Driver/Src/stm32l4xx_hal_gpio.o
 .debug_macro   0x00002e19      0x208 ./Drivers/STM32L4xx_HAL_Driver/Src/stm32l4xx_hal_pwr_ex.o
 .debug_macro   0x00003021      0x226 ./Drivers/STM32L4xx_HAL_Driver/Src/stm32l4xx_hal_rcc.o
 .debug_macro   0x00003247      0x21a ./Drivers/STM32L4xx_HAL_Driver/Src/stm32l4xx_hal_rcc_ex.o
 .debug_macro   0x00003461      0x1ec ./Drivers/STM32L4xx_HAL_Driver/Src/stm32l4xx_hal_spi.o
 .debug_macro   0x0000364d      0x1e5 ./Drivers/STM32L4xx_HAL_Driver/Src/stm32l4xx_hal_tim.o
 .debug_macro   0x00003832      0x1e4 ./Drivers/STM32L4xx_HAL_Driver/Src/stm32l4xx_hal_tim_ex.o
 .debug_macro   0x00003a16      0x20f ./Drivers/STM32L4xx_HAL_Driver/Src/stm32l4xx_hal_uart.o
 .debug_macro   0x00003c25      0x3ed ./Middlewares/Third_Party/FreeRTOS/Source/CMSIS_RTOS_V2/cmsis_os2.o
 .debug_macro   0x00004012       0x10 ./Middlewares/Third_Party/FreeRTOS/Source/CMSIS_RTOS_V2/cmsis_os2.o
 .debug_macro   0x00004022       0x20 ./Middlewares/Third_Party/FreeRTOS/Source/CMSIS_RTOS_V2/cmsis_os2.o
 .debug_macro   0x00004042       0x10 ./Middlewares/Third_Party/FreeRTOS/Source/CMSIS_RTOS_V2/cmsis_os2.o
 .debug_macro   0x00004052       0xf5 ./Middlewares/Third_Party/FreeRTOS/Source/CMSIS_RTOS_V2/cmsis_os2.o
 .debug_macro   0x00004147       0x16 ./Middlewares/Third_Party/FreeRTOS/Source/CMSIS_RTOS_V2/cmsis_os2.o
 .debug_macro   0x0000415d       0x91 ./Middlewares/Third_Party/FreeRTOS/Source/CMSIS_RTOS_V2/cmsis_os2.o
 .debug_macro   0x000041ee       0x8d ./Middlewares/Third_Party/FreeRTOS/Source/CMSIS_RTOS_V2/cmsis_os2.o
 .debug_macro   0x0000427b       0x9a ./Middlewares/Third_Party/FreeRTOS/Source/CMSIS_RTOS_V2/cmsis_os2.o
 .debug_macro   0x00004315       0x22 ./Middlewares/Third_Party/FreeRTOS/Source/CMSIS_RTOS_V2/cmsis_os2.o
 .debug_macro   0x00004337      0x199 ./Middlewares/Third_Party/FreeRTOS/Source/list.o
 .debug_macro   0x000044d0      0x2c5 ./Middlewares/Third_Party/FreeRTOS/Source/tasks.o
 .debug_macro   0x00004795       0x10 ./Middlewares/Third_Party/FreeRTOS/Source/tasks.o
 .debug_macro   0x000047a5      0x246 ./Middlewares/Third_Party/FreeRTOS/Source/portable/GCC/ARM_CM4F/port.o

.debug_line     0x00000000    0x1d18e
 .debug_line    0x00000000      0xa79 ./Core/Src/freertos.o
 .debug_line    0x00000a79      0xd00 ./Core/Src/functions.o
 .debug_line    0x00001779      0x81f ./Core/Src/gpio.o
 .debug_line    0x00001f98      0x9d5 ./Core/Src/leds.o
 .debug_line    0x0000296d      0xb58 ./Core/Src/main.o
 .debug_line    0x000034c5      0x8c7 ./Core/Src/spi.o
 .debug_line    0x00003d8c      0xc6b ./Core/Src/statemachine_pedestrian.o
 .debug_line    0x000049f7      0x797 ./Core/Src/stm32l4xx_hal_msp.o
 .debug_line    0x0000518e      0x811 ./Core/Src/stm32l4xx_hal_timebase_tim.o
 .debug_line    0x0000599f      0x837 ./Core/Src/stm32l4xx_it.o
 .debug_line    0x000061d6      0x834 ./Core/Src/system_stm32l4xx.o
 .debug_line    0x00006a0a      0x7f9 ./Core/Src/tim.o
 .debug_line    0x00007203      0x820 ./Core/Src/usart.o
 .debug_line    0x00007a23       0x7a ./Core/Startup/startup_stm32l476rgtx.o
 .debug_line    0x00007a9d      0xb9d ./Drivers/STM32L4xx_HAL_Driver/Src/stm32l4xx_hal.o
 .debug_line    0x0000863a      0xd37 ./Drivers/STM32L4xx_HAL_Driver/Src/stm32l4xx_hal_cortex.o
 .debug_line    0x00009371      0xbf0 ./Drivers/STM32L4xx_HAL_Driver/Src/stm32l4xx_hal_gpio.o
 .debug_line    0x00009f61      0xd7e ./Drivers/STM32L4xx_HAL_Driver/Src/stm32l4xx_hal_pwr_ex.o
 .debug_line    0x0000acdf     0x10f1 ./Drivers/STM32L4xx_HAL_Driver/Src/stm32l4xx_hal_rcc.o
 .debug_line    0x0000bdd0     0x15bf ./Drivers/STM32L4xx_HAL_Driver/Src/stm32l4xx_hal_rcc_ex.o
 .debug_line    0x0000d38f     0x207c ./Drivers/STM32L4xx_HAL_Driver/Src/stm32l4xx_hal_spi.o
 .debug_line    0x0000f40b     0x3f00 ./Drivers/STM32L4xx_HAL_Driver/Src/stm32l4xx_hal_tim.o
 .debug_line    0x0001330b     0x1bd9 ./Drivers/STM32L4xx_HAL_Driver/Src/stm32l4xx_hal_tim_ex.o
 .debug_line    0x00014ee4     0x2dcf ./Drivers/STM32L4xx_HAL_Driver/Src/stm32l4xx_hal_uart.o
 .debug_line    0x00017cb3     0x2576 ./Middlewares/Third_Party/FreeRTOS/Source/CMSIS_RTOS_V2/cmsis_os2.o
 .debug_line    0x0001a229      0x7a1 ./Middlewares/Third_Party/FreeRTOS/Source/list.o
 .debug_line    0x0001a9ca     0x1e6f ./Middlewares/Third_Party/FreeRTOS/Source/tasks.o
 .debug_line    0x0001c839      0x955 ./Middlewares/Third_Party/FreeRTOS/Source/portable/GCC/ARM_CM4F/port.o

.debug_str      0x00000000   0x1004ac
 .debug_str     0x00000000   0x1004ac ./Core/Src/freertos.o
                              0xf614f (size before relaxing)
 .debug_str     0x001004ac        0x0 ./Core/Src/functions.o
                              0xf49d8 (size before relaxing)
 .debug_str     0x001004ac        0x0 ./Core/Src/gpio.o
                              0xedd7c (size before relaxing)
 .debug_str     0x001004ac        0x0 ./Core/Src/leds.o
                              0xf3dfb (size before relaxing)
 .debug_str     0x001004ac        0x0 ./Core/Src/main.o
                              0xf5edc (size before relaxing)
 .debug_str     0x001004ac        0x0 ./Core/Src/spi.o
                              0xee1a9 (size before relaxing)
 .debug_str     0x001004ac        0x0 ./Core/Src/statemachine_pedestrian.o
                              0xf4050 (size before relaxing)
 .debug_str     0x001004ac        0x0 ./Core/Src/stm32l4xx_hal_msp.o
                              0xee1ac (size before relaxing)
 .debug_str     0x001004ac        0x0 ./Core/Src/stm32l4xx_hal_timebase_tim.o
                              0xee4d8 (size before relaxing)
 .debug_str     0x001004ac        0x0 ./Core/Src/stm32l4xx_it.o
                              0xee103 (size before relaxing)
 .debug_str     0x001004ac        0x0 ./Core/Src/system_stm32l4xx.o
                              0xeda16 (size before relaxing)
 .debug_str     0x001004ac        0x0 ./Core/Src/tim.o
                              0xee7ed (size before relaxing)
 .debug_str     0x001004ac        0x0 ./Core/Src/usart.o
                              0xee494 (size before relaxing)
 .debug_str     0x001004ac        0x0 ./Core/Startup/startup_stm32l476rgtx.o
                                 0x8f (size before relaxing)
 .debug_str     0x001004ac        0x0 ./Drivers/STM32L4xx_HAL_Driver/Src/stm32l4xx_hal.o
                              0xee62a (size before relaxing)
 .debug_str     0x001004ac        0x0 ./Drivers/STM32L4xx_HAL_Driver/Src/stm32l4xx_hal_cortex.o
                              0xee28f (size before relaxing)
 .debug_str     0x001004ac        0x0 ./Drivers/STM32L4xx_HAL_Driver/Src/stm32l4xx_hal_gpio.o
                              0xedba1 (size before relaxing)
 .debug_str     0x001004ac        0x0 ./Drivers/STM32L4xx_HAL_Driver/Src/stm32l4xx_hal_pwr_ex.o
                              0xedf71 (size before relaxing)
 .debug_str     0x001004ac        0x0 ./Drivers/STM32L4xx_HAL_Driver/Src/stm32l4xx_hal_rcc.o
                              0xee05c (size before relaxing)
 .debug_str     0x001004ac        0x0 ./Drivers/STM32L4xx_HAL_Driver/Src/stm32l4xx_hal_rcc_ex.o
                              0xee1e7 (size before relaxing)
 .debug_str     0x001004ac        0x0 ./Drivers/STM32L4xx_HAL_Driver/Src/stm32l4xx_hal_spi.o
                              0xee231 (size before relaxing)
 .debug_str     0x001004ac        0x0 ./Drivers/STM32L4xx_HAL_Driver/Src/stm32l4xx_hal_tim.o
                              0xeed68 (size before relaxing)
 .debug_str     0x001004ac        0x0 ./Drivers/STM32L4xx_HAL_Driver/Src/stm32l4xx_hal_tim_ex.o
                              0xee67c (size before relaxing)
 .debug_str     0x001004ac        0x0 ./Drivers/STM32L4xx_HAL_Driver/Src/stm32l4xx_hal_uart.o
                              0xee76e (size before relaxing)
 .debug_str     0x001004ac        0x0 ./Middlewares/Third_Party/FreeRTOS/Source/CMSIS_RTOS_V2/cmsis_os2.o
                              0xf8a03 (size before relaxing)
 .debug_str     0x001004ac        0x0 ./Middlewares/Third_Party/FreeRTOS/Source/list.o
                               0xac8e (size before relaxing)
 .debug_str     0x001004ac        0x0 ./Middlewares/Third_Party/FreeRTOS/Source/tasks.o
                               0xdcf4 (size before relaxing)
 .debug_str     0x001004ac        0x0 ./Middlewares/Third_Party/FreeRTOS/Source/portable/GCC/ARM_CM4F/port.o
                               0xb9cc (size before relaxing)

.comment        0x00000000       0x43
 .comment       0x00000000       0x43 ./Core/Src/freertos.o
                                 0x44 (size before relaxing)
 .comment       0x00000043        0x0 ./Core/Src/functions.o
                                 0x44 (size before relaxing)
 .comment       0x00000043        0x0 ./Core/Src/gpio.o
                                 0x44 (size before relaxing)
 .comment       0x00000043        0x0 ./Core/Src/leds.o
                                 0x44 (size before relaxing)
 .comment       0x00000043        0x0 ./Core/Src/main.o
                                 0x44 (size before relaxing)
 .comment       0x00000043        0x0 ./Core/Src/spi.o
                                 0x44 (size before relaxing)
 .comment       0x00000043        0x0 ./Core/Src/statemachine_pedestrian.o
                                 0x44 (size before relaxing)
 .comment       0x00000043        0x0 ./Core/Src/stm32l4xx_hal_msp.o
                                 0x44 (size before relaxing)
 .comment       0x00000043        0x0 ./Core/Src/stm32l4xx_hal_timebase_tim.o
                                 0x44 (size before relaxing)
 .comment       0x00000043        0x0 ./Core/Src/stm32l4xx_it.o
                                 0x44 (size before relaxing)
 .comment       0x00000043        0x0 ./Core/Src/system_stm32l4xx.o
                                 0x44 (size before relaxing)
 .comment       0x00000043        0x0 ./Core/Src/tim.o
                                 0x44 (size before relaxing)
 .comment       0x00000043        0x0 ./Core/Src/usart.o
                                 0x44 (size before relaxing)
 .comment       0x00000043        0x0 ./Drivers/STM32L4xx_HAL_Driver/Src/stm32l4xx_hal.o
                                 0x44 (size before relaxing)
 .comment       0x00000043        0x0 ./Drivers/STM32L4xx_HAL_Driver/Src/stm32l4xx_hal_cortex.o
                                 0x44 (size before relaxing)
 .comment       0x00000043        0x0 ./Drivers/STM32L4xx_HAL_Driver/Src/stm32l4xx_hal_gpio.o
                                 0x44 (size before relaxing)
 .comment       0x00000043        0x0 ./Drivers/STM32L4xx_HAL_Driver/Src/stm32l4xx_hal_pwr_ex.o
                                 0x44 (size before relaxing)
 .comment       0x00000043        0x0 ./Drivers/STM32L4xx_HAL_Driver/Src/stm32l4xx_hal_rcc.o
                                 0x44 (size before relaxing)
 .comment       0x00000043        0x0 ./Drivers/STM32L4xx_HAL_Driver/Src/stm32l4xx_hal_rcc_ex.o
                                 0x44 (size before relaxing)
 .comment       0x00000043        0x0 ./Drivers/STM32L4xx_HAL_Driver/Src/stm32l4xx_hal_spi.o
                                 0x44 (size before relaxing)
 .comment       0x00000043        0x0 ./Drivers/STM32L4xx_HAL_Driver/Src/stm32l4xx_hal_tim.o
                                 0x44 (size before relaxing)
 .comment       0x00000043        0x0 ./Drivers/STM32L4xx_HAL_Driver/Src/stm32l4xx_hal_tim_ex.o
                                 0x44 (size before relaxing)
 .comment       0x00000043        0x0 ./Drivers/STM32L4xx_HAL_Driver/Src/stm32l4xx_hal_uart.o
                                 0x44 (size before relaxing)
 .comment       0x00000043        0x0 ./Middlewares/Third_Party/FreeRTOS/Source/CMSIS_RTOS_V2/cmsis_os2.o
                                 0x44 (size before relaxing)
 .comment       0x00000043        0x0 ./Middlewares/Third_Party/FreeRTOS/Source/list.o
                                 0x44 (size before relaxing)
 .comment       0x00000043        0x0 ./Middlewares/Third_Party/FreeRTOS/Source/tasks.o
                                 0x44 (size before relaxing)
 .comment       0x00000043        0x0 ./Middlewares/Third_Party/FreeRTOS/Source/portable/GCC/ARM_CM4F/port.o
                                 0x44 (size before relaxing)

.debug_frame    0x00000000     0x61a0
 .debug_frame   0x00000000       0x88 ./Core/Src/freertos.o
 .debug_frame   0x00000088      0x274 ./Core/Src/functions.o
 .debug_frame   0x000002fc       0x34 ./Core/Src/gpio.o
 .debug_frame   0x00000330       0x8c ./Core/Src/main.o
 .debug_frame   0x000003bc       0x90 ./Core/Src/spi.o
 .debug_frame   0x0000044c       0x48 ./Core/Src/statemachine_pedestrian.o
 .debug_frame   0x00000494       0x34 ./Core/Src/stm32l4xx_hal_msp.o
 .debug_frame   0x000004c8       0x74 ./Core/Src/stm32l4xx_hal_timebase_tim.o
 .debug_frame   0x0000053c       0xe0 ./Core/Src/stm32l4xx_it.o
 .debug_frame   0x0000061c       0x58 ./Core/Src/system_stm32l4xx.o
 .debug_frame   0x00000674       0x7c ./Core/Src/tim.o
 .debug_frame   0x000006f0       0x78 ./Core/Src/usart.o
 .debug_frame   0x00000768      0x498 ./Drivers/STM32L4xx_HAL_Driver/Src/stm32l4xx_hal.o
 .debug_frame   0x00000c00      0x4e8 ./Drivers/STM32L4xx_HAL_Driver/Src/stm32l4xx_hal_cortex.o
 .debug_frame   0x000010e8      0x14c ./Drivers/STM32L4xx_HAL_Driver/Src/stm32l4xx_hal_gpio.o
 .debug_frame   0x00001234      0x584 ./Drivers/STM32L4xx_HAL_Driver/Src/stm32l4xx_hal_pwr_ex.o
 .debug_frame   0x000017b8      0x21c ./Drivers/STM32L4xx_HAL_Driver/Src/stm32l4xx_hal_rcc.o
 .debug_frame   0x000019d4      0x2fc ./Drivers/STM32L4xx_HAL_Driver/Src/stm32l4xx_hal_rcc_ex.o
 .debug_frame   0x00001cd0      0x860 ./Drivers/STM32L4xx_HAL_Driver/Src/stm32l4xx_hal_spi.o
 .debug_frame   0x00002530     0x121c ./Drivers/STM32L4xx_HAL_Driver/Src/stm32l4xx_hal_tim.o
 .debug_frame   0x0000374c      0x6b0 ./Drivers/STM32L4xx_HAL_Driver/Src/stm32l4xx_hal_tim_ex.o
 .debug_frame   0x00003dfc      0x9f4 ./Drivers/STM32L4xx_HAL_Driver/Src/stm32l4xx_hal_uart.o
 .debug_frame   0x000047f0      0xbe4 ./Middlewares/Third_Party/FreeRTOS/Source/CMSIS_RTOS_V2/cmsis_os2.o
 .debug_frame   0x000053d4       0xd8 ./Middlewares/Third_Party/FreeRTOS/Source/list.o
 .debug_frame   0x000054ac      0x95c ./Middlewares/Third_Party/FreeRTOS/Source/tasks.o
 .debug_frame   0x00005e08      0x1a8 ./Middlewares/Third_Party/FreeRTOS/Source/portable/GCC/ARM_CM4F/port.o
 .debug_frame   0x00005fb0      0x144 C:/ST/STM32CubeIDE_1.19.0/STM32CubeIDE/plugins/com.st.stm32cube.ide.mcu.externaltools.gnu-tools-for-stm32.13.3.rel1.win32_1.0.100.202509120712/tools/bin/../lib/gcc/arm-none-eabi/13.3.1/../../../../arm-none-eabi/lib/thumb/v7e-m+fp/hard\libc_nano.a(libc_a-findfp.o)
 .debug_frame   0x000060f4       0x20 C:/ST/STM32CubeIDE_1.19.0/STM32CubeIDE/plugins/com.st.stm32cube.ide.mcu.externaltools.gnu-tools-for-stm32.13.3.rel1.win32_1.0.100.202509120712/tools/bin/../lib/gcc/arm-none-eabi/13.3.1/../../../../arm-none-eabi/lib/thumb/v7e-m+fp/hard\libc_nano.a(libc_a-memset.o)
 .debug_frame   0x00006114       0x2c C:/ST/STM32CubeIDE_1.19.0/STM32CubeIDE/plugins/com.st.stm32cube.ide.mcu.externaltools.gnu-tools-for-stm32.13.3.rel1.win32_1.0.100.202509120712/tools/bin/../lib/gcc/arm-none-eabi/13.3.1/../../../../arm-none-eabi/lib/thumb/v7e-m+fp/hard\libc_nano.a(libc_a-init.o)
 .debug_frame   0x00006140       0x2c C:/ST/STM32CubeIDE_1.19.0/STM32CubeIDE/plugins/com.st.stm32cube.ide.mcu.externaltools.gnu-tools-for-stm32.13.3.rel1.win32_1.0.100.202509120712/tools/bin/../lib/gcc/arm-none-eabi/13.3.1/thumb/v7e-m+fp/hard\libgcc.a(_aeabi_uldivmod.o)
 .debug_frame   0x0000616c       0x34 C:/ST/STM32CubeIDE_1.19.0/STM32CubeIDE/plugins/com.st.stm32cube.ide.mcu.externaltools.gnu-tools-for-stm32.13.3.rel1.win32_1.0.100.202509120712/tools/bin/../lib/gcc/arm-none-eabi/13.3.1/thumb/v7e-m+fp/hard\libgcc.a(_udivmoddi4.o)

.debug_line_str
                0x00000000       0x73
 .debug_line_str
                0x00000000       0x73 ./Core/Startup/startup_stm32l476rgtx.o
